Archive member included to satisfy reference by file (symbol)

/Applications/VEXcode Pro V5.app/Contents/Resources/sdk/vexv5/libv5rt.a(v5_startup.c.obj)
                              (vexStartup)
/Applications/VEXcode Pro V5.app/Contents/Resources/sdk/vexv5/libv5rt.a(v5_util.c.obj)
                              /Applications/VEXcode Pro V5.app/Contents/Resources/sdk/vexv5/libv5rt.a(v5_startup.c.obj) (vexStdlibVersionLinked)
/Applications/VEXcode Pro V5.app/Contents/Resources/sdk/vexv5/libv5rt.a(v5_apijump.c.obj)
                              /Applications/VEXcode Pro V5.app/Contents/Resources/sdk/vexv5/libv5rt.a(v5_startup.c.obj) (vexPrivateApiEnable)
/Applications/VEXcode Pro V5.app/Contents/Resources/sdk/vexv5/libv5rt.a(v5_apiversions.c.obj)
                              /Applications/VEXcode Pro V5.app/Contents/Resources/sdk/vexv5/libv5rt.a(v5_apijump.c.obj) (vexSystemVersion)
/Applications/VEXcode Pro V5.app/Contents/Resources/sdk/vexv5/libv5rt.a(vex_global.cpp.obj)
                              build/src/auton-functions.o (vex::wait(double, vex::timeUnits))
/Applications/VEXcode Pro V5.app/Contents/Resources/sdk/vexv5/libv5rt.a(vex_motor.cpp.obj)
                              build/src/robot-config.o (vex::motor::~motor())
/Applications/VEXcode Pro V5.app/Contents/Resources/sdk/vexv5/libv5rt.a(vex_imu.cpp.obj)
                              build/src/auton-functions.o (vex::inertial::setHeading(double, vex::rotationUnits))
/Applications/VEXcode Pro V5.app/Contents/Resources/sdk/vexv5/libv5rt.a(vex_controller.cpp.obj)
                              build/src/robot-config.o (vex::controller::~controller())
/Applications/VEXcode Pro V5.app/Contents/Resources/sdk/vexv5/libv5rt.a(vex_task.cpp.obj)
                              build/src/main.o (vex::task::task(int (*)()))
/Applications/VEXcode Pro V5.app/Contents/Resources/sdk/vexv5/libv5rt.a(vex_thread.cpp.obj)
                              /Applications/VEXcode Pro V5.app/Contents/Resources/sdk/vexv5/libv5rt.a(vex_global.cpp.obj) (vex::this_thread::sleep_for(unsigned long))
/Applications/VEXcode Pro V5.app/Contents/Resources/sdk/vexv5/libv5rt.a(vex_event.cpp.obj)
                              /Applications/VEXcode Pro V5.app/Contents/Resources/sdk/vexv5/libv5rt.a(vex_imu.cpp.obj) (vex::event::init(unsigned long, unsigned long, void (*)()))
/Applications/VEXcode Pro V5.app/Contents/Resources/sdk/vexv5/libv5rt.a(vex_mevent.cpp.obj)
                              /Applications/VEXcode Pro V5.app/Contents/Resources/sdk/vexv5/libv5rt.a(vex_controller.cpp.obj) (vex::mevent::mevent(unsigned long, unsigned long))
/Applications/VEXcode Pro V5.app/Contents/Resources/sdk/vexv5/libv5rt.a(vex_brain.cpp.obj)
                              build/src/main.o (vex::brain::lcd::setFont(vex::fontType))
/Applications/VEXcode Pro V5.app/Contents/Resources/sdk/vexv5/libv5rt.a(vex_competition.cpp.obj)
                              build/src/main.o (vex::competition::competition())
/Applications/VEXcode Pro V5.app/Contents/Resources/sdk/vexv5/libv5rt.a(vex_triport.cpp.obj)
                              /Applications/VEXcode Pro V5.app/Contents/Resources/sdk/vexv5/libv5rt.a(vex_brain.cpp.obj) (vex::triport::~triport())
/Applications/VEXcode Pro V5.app/Contents/Resources/sdk/vexv5/libv5rt.a(vex_color.cpp.obj)
                              /Applications/VEXcode Pro V5.app/Contents/Resources/sdk/vexv5/libv5rt.a(vex_brain.cpp.obj) (vex::color::operator unsigned long() const)
/Applications/VEXcode Pro V5.app/Contents/Resources/sdk/vexv5/libv5rt.a(vex_timer.cpp.obj)
                              build/src/bot-functions.o (vex::timer::~timer())
/Applications/VEXcode Pro V5.app/Contents/Resources/sdk/vexv5/libv5rt.a(vex_motorgroup.cpp.obj)
                              build/src/robot-config.o (vex::motor_group::motor_group())
/Applications/VEXcode Pro V5.app/Contents/Resources/sdk/vexv5/libv5rt.a(vex_smartdrive.cpp.obj)
                              build/src/robot-config.o (vex::smartdrive::~smartdrive())
/Applications/VEXcode Pro V5.app/Contents/Resources/sdk/vexv5/libv5rt.a(v5_apiuser.c.obj)
                              /Applications/VEXcode Pro V5.app/Contents/Resources/sdk/vexv5/libv5rt.a(vex_triport.cpp.obj) (vexAdiPortConfigSet)
/Applications/VEXcode Pro V5.app/Contents/Resources/sdk/vexv5/libv5rt.a(vex_device.cpp.obj)
                              /Applications/VEXcode Pro V5.app/Contents/Resources/sdk/vexv5/libv5rt.a(vex_motor.cpp.obj) (vex::device::~device())
/Applications/VEXcode Pro V5.app/Contents/Resources/sdk/vexv5/libv5rt.a(vex_drivetrain.cpp.obj)
                              /Applications/VEXcode Pro V5.app/Contents/Resources/sdk/vexv5/libv5rt.a(vex_smartdrive.cpp.obj) (vex::drivetrain::~drivetrain())
/Applications/VEXcode Pro V5.app/Contents/Resources/sdk/vexv5/gcc/libs/libc.a(lib_a-fini.o)
                              /Applications/VEXcode Pro V5.app/Contents/Resources/sdk/vexv5/libv5rt.a(v5_startup.c.obj) (__libc_fini_array)
[...]
Memory Configuration

Name             Origin             Length             Attributes
ps7_ddr_0_S_AXI_BASEADDR 0x0000000003800000 0x0000000004800000
*default*        0x0000000000000000 0xffffffffffffffff

Linker script and memory map

                0x0000000000002000                _STACK_SIZE = DEFINED (_STACK_SIZE)?_STACK_SIZE:0x2000
                0x0000000000100000                _HEAP_SIZE = DEFINED (_HEAP_SIZE)?_HEAP_SIZE:0x100000
                0x0000000000000400                _ABORT_STACK_SIZE = DEFINED (_ABORT_STACK_SIZE)?_ABORT_STACK_SIZE:0x400
                0x0000000000000800                _SUPERVISOR_STACK_SIZE = DEFINED (_SUPERVISOR_STACK_SIZE)?_SUPERVISOR_STACK_SIZE:0x800
                0x0000000000000400                _IRQ_STACK_SIZE = DEFINED (_IRQ_STACK_SIZE)?_IRQ_STACK_SIZE:0x400
                0x0000000000000400                _FIQ_STACK_SIZE = DEFINED (_FIQ_STACK_SIZE)?_FIQ_STACK_SIZE:0x400
                0x0000000000000400                _UNDEF_STACK_SIZE = DEFINED (_UNDEF_STACK_SIZE)?_UNDEF_STACK_SIZE:0x400

.text           0x0000000003800000     0x7840
 *(.vectors)
 *(.boot_data)
 .boot_data     0x0000000003800000       0x20 /Applications/VEXcode Pro V5.app/Contents/Resources/sdk/vexv5/libv5rt.a(v5_startup.c.obj)
                0x0000000003800000                vexCodeSig
                0x0000000000000020                . = 0x20
 *(.boot)
 .boot          0x0000000003800020       0xbc /Applications/VEXcode Pro V5.app/Contents/Resources/sdk/vexv5/libv5rt.a(v5_startup.c.obj)
                0x0000000003800020                vexStartup
                0x0000000003800100                . = ALIGN (0x40)
 *fill*         0x00000000038000dc       0x24 
 *(.freertos_vectors)
 *(.text)
 *(.text.*)
 .text._Z12NGoalInFrontv
                0x0000000003800100       0x98 build/src/auton-functions.o
                0x0000000003800100                NGoalInFront()
 .text._Z13NGoalInFrontLv
                0x0000000003800198      0x158 build/src/auton-functions.o
                0x0000000003800198                NGoalInFrontL()
 .text._Z12NGoalAndRAWPv
                0x00000000038002f0      0x128 build/src/auton-functions.o
                0x00000000038002f0                NGoalAndRAWP()
 .text._Z11Skills_Platv
                0x0000000003800418      0x768 build/src/auton-functions.o
                0x0000000003800418                Skills_Plat()
 .text._Z12Skills_Plat2v
                0x0000000003800b80      0x890 build/src/auton-functions.o
                0x0000000003800b80                Skills_Plat2()
 .text._Z8Skills_1v
                0x0000000003801410      0x458 build/src/auton-functions.o
                0x0000000003801410                Skills_1()
 .text._Z11Middle_goalv
                0x0000000003801868      0x1d0 build/src/auton-functions.o
                0x0000000003801868                Middle_goal()
 .text._Z11Skills_Pushv
                0x0000000003801a38        0x4 build/src/auton-functions.o
                0x0000000003801a38                Skills_Push()
 .text._Z19setDrivetoBrakeTypeN3vex9brakeTypeE
                0x0000000003801a3c       0x50 build/src/bot-functions.o
                0x0000000003801a3c                setDrivetoBrakeType(vex::brakeType)
 *fill*         0x0000000003801a8c        0x4 
 .text._Z5goFwdff
                0x0000000003801a90       0xf0 build/src/bot-functions.o
                0x0000000003801a90                goFwd(float, float)
 .text._Z8slideFwdff
                0x0000000003801b80      0x118 build/src/bot-functions.o
                0x0000000003801b80                slideFwd(float, float)
 .text._Z16slideFwdNonBlockff
                0x0000000003801c98      0x118 build/src/bot-functions.o
                0x0000000003801c98                slideFwdNonBlock(float, float)
 .text._Z17slideBackNonBlockff
                0x0000000003801db0      0x128 build/src/bot-functions.o
                0x0000000003801db0                slideBackNonBlock(float, float)
 .text._Z6goBackff
                0x0000000003801ed8      0x100 build/src/bot-functions.o
                0x0000000003801ed8                goBack(float, float)
 .text._Z7drivePDd
                0x0000000003801fd8      0x230 build/src/bot-functions.o
                0x0000000003801fd8                drivePD(double)
 .text._Z8turnLeftf
                0x0000000003802208      0x118 build/src/bot-functions.o
                0x0000000003802208                turnLeft(float)
 .text._Z17turnLeftSlowSpeedfi
                0x0000000003802320       0xf8 build/src/bot-functions.o
                0x0000000003802320                turnLeftSlowSpeed(float, int)
 .text._Z9turnRightf
                0x0000000003802418      0x118 build/src/bot-functions.o
                0x0000000003802418                turnRight(float)
 .text._Z13turnRightSlowf
                0x0000000003802530      0x118 build/src/bot-functions.o
                0x0000000003802530                turnRightSlow(float)
 .text._Z18turnRightSlowSpeedfi
                0x0000000003802648       0xf8 build/src/bot-functions.o
                0x0000000003802648                turnRightSlowSpeed(float, int)
 .text._Z14alignToHeadingf
                0x0000000003802740      0x130 build/src/bot-functions.o
                0x0000000003802740                alignToHeading(float)
 .text._Z17setFrontLiftBrakeN3vex9brakeTypeE
                0x0000000003802870       0x10 build/src/bot-functions.o
                0x0000000003802870                setFrontLiftBrake(vex::brakeType)
 .text._Z16frontLiftUpDrivev
                0x0000000003802880       0x70 build/src/bot-functions.o
                0x0000000003802880                frontLiftUpDrive()
 .text._Z18frontLiftDownDrivev
                0x00000000038028f0       0x70 build/src/bot-functions.o
                0x00000000038028f0                frontLiftDownDrive()
 .text._Z11frontLiftUpd
                0x0000000003802960       0x60 build/src/bot-functions.o
                0x0000000003802960                frontLiftUp(double)
 .text._Z13frontLiftDownd
                0x00000000038029c0       0x60 build/src/bot-functions.o
                0x00000000038029c0                frontLiftDown(double)
 .text._Z15frontLiftUpAutov
                0x0000000003802a20       0x70 build/src/bot-functions.o
                0x0000000003802a20                frontLiftUpAuto()
 .text._Z17frontLiftDownAutov
                0x0000000003802a90       0x70 build/src/bot-functions.o
                0x0000000003802a90                frontLiftDownAuto()
 .text._Z24frontLiftDownDegreesAutod
                0x0000000003802b00       0x60 build/src/bot-functions.o
                0x0000000003802b00                frontLiftDownDegreesAuto(double)
 .text._Z18frontLiftUpAutoEncv
                0x0000000003802b60      0x1c0 build/src/bot-functions.o
                0x0000000003802b60                frontLiftUpAutoEnc()
 .text._Z20frontLiftDownAutoEncv
                0x0000000003802d20       0xe0 build/src/bot-functions.o
                0x0000000003802d20                frontLiftDownAutoEnc()
 .text._Z16setBackLiftBrakeN3vex9brakeTypeE
                0x0000000003802e00       0x10 build/src/bot-functions.o
                0x0000000003802e00                setBackLiftBrake(vex::brakeType)
 .text._Z15backLiftUpDrivev
                0x0000000003802e10       0x70 build/src/bot-functions.o
                0x0000000003802e10                backLiftUpDrive()
 .text._Z17backLiftDownDrivev
                0x0000000003802e80       0x70 build/src/bot-functions.o
                0x0000000003802e80                backLiftDownDrive()
 .text._Z10backLiftUpd
                0x0000000003802ef0       0x54 build/src/bot-functions.o
                0x0000000003802ef0                backLiftUp(double)
 .text._Z12backLiftDownd
                0x0000000003802f44       0x54 build/src/bot-functions.o
                0x0000000003802f44                backLiftDown(double)
 .text._Z21backLiftUpNonBlockingd
                0x0000000003802f98       0x50 build/src/bot-functions.o
                0x0000000003802f98                backLiftUpNonBlocking(double)
 .text._Z23backLiftDownNonBlockingd
                0x0000000003802fe8       0x50 build/src/bot-functions.o
                0x0000000003802fe8                backLiftDownNonBlocking(double)
 .text._Z12backLiftAutov
                0x0000000003803038       0xc0 build/src/bot-functions.o
                0x0000000003803038                backLiftAuto()
 .text._Z20conveyorBeltFwdDrivev
                0x00000000038030f8       0x70 build/src/bot-functions.o
                0x00000000038030f8                conveyorBeltFwdDrive()
 .text._Z21conveyorBeltBackDrivev
                0x0000000003803168       0x70 build/src/bot-functions.o
                0x0000000003803168                conveyorBeltBackDrive()
 .text._Z8clawOpenv
                0x00000000038031d8       0x78 build/src/bot-functions.o
                0x00000000038031d8                clawOpen()
 .text._Z9clawClosev
                0x0000000003803250       0x78 build/src/bot-functions.o
                0x0000000003803250                clawClose()
 .text._Z9clawDrivev
                0x00000000038032c8       0x38 build/src/bot-functions.o
                0x00000000038032c8                clawDrive()
 .text._Z13backClampOpenv
                0x0000000003803300       0x10 build/src/bot-functions.o
                0x0000000003803300                backClampOpen()
 .text._Z14backClampClosev
                0x0000000003803310       0x10 build/src/bot-functions.o
                0x0000000003803310                backClampClose()
 .text._Z14backClampDrivev
                0x0000000003803320       0x30 build/src/bot-functions.o
                0x0000000003803320                backClampDrive()
 .text._Z8MenuDownv
                0x0000000003803350       0x20 build/src/main.o
                0x0000000003803350                MenuDown()
 .text._Z10MenuSelectv
                0x0000000003803370       0x14 build/src/main.o
                0x0000000003803370                MenuSelect()
 *fill*         0x0000000003803384        0x4 
 .text._Z9pre_autonv
                0x0000000003803388      0x2f0 build/src/main.o
                0x0000000003803388                pre_auton()
 .text._Z10autonomousv
                0x0000000003803678       0x68 build/src/main.o
                0x0000000003803678                autonomous()
 .text._Z11usercontrolv
                0x00000000038036e0      0x1c8 build/src/main.o
                0x00000000038036e0                usercontrol()
 .text._Z13ClawMotorTaskv
                0x00000000038038a8       0x60 build/src/main.o
                0x00000000038038a8                ClawMotorTask()
 .text.main     0x0000000003803908       0x78 build/src/main.o
                0x0000000003803908                main
 .text._GLOBAL__sub_I_main.cpp
                0x0000000003803980       0x34 build/src/main.o
 .text._Z11vexcodeInitv
                0x00000000038039b4        0x4 build/src/robot-config.o
                0x00000000038039b4                vexcodeInit()
 .text._GLOBAL__sub_I_robot_config.cpp
                0x00000000038039b8      0x3e4 build/src/robot-config.o
 .text.vexMain  0x0000000003803d9c       0xb0 /Applications/VEXcode Pro V5.app/Contents/Resources/sdk/vexv5/libv5rt.a(v5_startup.c.obj)
                0x0000000003803d9c                vexMain
 .text.__vex_function_prolog
                0x0000000003803e4c       0x18 /Applications/VEXcode Pro V5.app/Contents/Resources/sdk/vexv5/libv5rt.a(v5_startup.c.obj)
                0x0000000003803e4c                __vex_function_prolog
 .text._init    0x0000000003803e64        0x4 /Applications/VEXcode Pro V5.app/Contents/Resources/sdk/vexv5/libv5rt.a(v5_startup.c.obj)
                0x0000000003803e64                _init
 .text._fini    0x0000000003803e68        0x4 /Applications/VEXcode Pro V5.app/Contents/Resources/sdk/vexv5/libv5rt.a(v5_startup.c.obj)
                0x0000000003803e68                _fini
 .text.vexStdlibVersionLinked
                0x0000000003803e6c        0xc /Applications/VEXcode Pro V5.app/Contents/Resources/sdk/vexv5/libv5rt.a(v5_util.c.obj)
                0x0000000003803e6c                vexStdlibVersionLinked
 .text.vexStdlibVersionVerify
                0x0000000003803e78       0x30 /Applications/VEXcode Pro V5.app/Contents/Resources/sdk/vexv5/libv5rt.a(v5_util.c.obj)
                0x0000000003803e78                vexStdlibVersionVerify
 .text.vexPrivateApiEnable
                0x0000000003803ea8       0x10 /Applications/VEXcode Pro V5.app/Contents/Resources/sdk/vexv5/libv5rt.a(v5_apijump.c.obj)
                0x0000000003803ea8                vexPrivateApiEnable
 .text.vexStdlibMismatchError
                0x0000000003803eb8       0x3c /Applications/VEXcode Pro V5.app/Contents/Resources/sdk/vexv5/libv5rt.a(v5_apijump.c.obj)
                0x0000000003803eb8                vexStdlibMismatchError
 .text.vexTaskAdd
                0x0000000003803ef4       0x10 /Applications/VEXcode Pro V5.app/Contents/Resources/sdk/vexv5/libv5rt.a(v5_apijump.c.obj)
                0x0000000003803ef4                vexTaskAdd
 .text.vexTasksRun
                0x0000000003803f04       0x10 /Applications/VEXcode Pro V5.app/Contents/Resources/sdk/vexv5/libv5rt.a(v5_apijump.c.obj)
                0x0000000003803f04                vexTasksRun
 .text.vexTaskYield
                0x0000000003803f14       0x10 /Applications/VEXcode Pro V5.app/Contents/Resources/sdk/vexv5/libv5rt.a(v5_apijump.c.obj)
                0x0000000003803f14                vexTaskYield
 .text.vexTaskCheckTimeslice
                0x0000000003803f24       0x10 /Applications/VEXcode Pro V5.app/Contents/Resources/sdk/vexv5/libv5rt.a(v5_apijump.c.obj)
                0x0000000003803f24                vexTaskCheckTimeslice
 .text.vexTaskSleep
                0x0000000003803f34       0x10 /Applications/VEXcode Pro V5.app/Contents/Resources/sdk/vexv5/libv5rt.a(v5_apijump.c.obj)
                0x0000000003803f34                vexTaskSleep
 .text.vexTasksDump
                0x0000000003803f44       0x1c /Applications/VEXcode Pro V5.app/Contents/Resources/sdk/vexv5/libv5rt.a(v5_apijump.c.obj)
                0x0000000003803f44                vexTasksDump
 .text.vexTaskStateGet
                0x0000000003803f60       0x10 /Applications/VEXcode Pro V5.app/Contents/Resources/sdk/vexv5/libv5rt.a(v5_apijump.c.obj)
                0x0000000003803f60                vexTaskStateGet
 .text.vexTaskGetTaskIndex
                0x0000000003803f70       0x10 /Applications/VEXcode Pro V5.app/Contents/Resources/sdk/vexv5/libv5rt.a(v5_apijump.c.obj)
                0x0000000003803f70                vexTaskGetTaskIndex
 .text.vexTaskStopAll
                0x0000000003803f80       0x10 /Applications/VEXcode Pro V5.app/Contents/Resources/sdk/vexv5/libv5rt.a(v5_apijump.c.obj)
                0x0000000003803f80                vexTaskStopAll
 .text.vexTaskRemoveAllUser
                0x0000000003803f90       0x34 /Applications/VEXcode Pro V5.app/Contents/Resources/sdk/vexv5/libv5rt.a(v5_apijump.c.obj)
                0x0000000003803f90                vexTaskRemoveAllUser
 .text.vexTaskCompletionIdSet
                0x0000000003803fc4       0x10 /Applications/VEXcode Pro V5.app/Contents/Resources/sdk/vexv5/libv5rt.a(v5_apijump.c.obj)
                0x0000000003803fc4                vexTaskCompletionIdSet
 .text.vexTaskAddWithArg
                0x0000000003803fd4       0x10 /Applications/VEXcode Pro V5.app/Contents/Resources/sdk/vexv5/libv5rt.a(v5_apijump.c.obj)
                0x0000000003803fd4                vexTaskAddWithArg
 .text.vexTaskStopWithId
                0x0000000003803fe4       0x10 /Applications/VEXcode Pro V5.app/Contents/Resources/sdk/vexv5/libv5rt.a(v5_apijump.c.obj)
                0x0000000003803fe4                vexTaskStopWithId
 .text.vexCriticalSection
                0x0000000003803ff4       0x2c /Applications/VEXcode Pro V5.app/Contents/Resources/sdk/vexv5/libv5rt.a(v5_apijump.c.obj)
                0x0000000003803ff4                vexCriticalSection
 .text.vexEventAdd
                0x0000000003804020       0x34 /Applications/VEXcode Pro V5.app/Contents/Resources/sdk/vexv5/libv5rt.a(v5_apijump.c.obj)
                0x0000000003804020                vexEventAdd
 .text.vexEventUserIndexGet
                0x0000000003804054       0x1c /Applications/VEXcode Pro V5.app/Contents/Resources/sdk/vexv5/libv5rt.a(v5_apijump.c.obj)
                0x0000000003804054                vexEventUserIndexGet
 .text.vexEventAddWithArg
                0x0000000003804070       0x3c /Applications/VEXcode Pro V5.app/Contents/Resources/sdk/vexv5/libv5rt.a(v5_apijump.c.obj)
                0x0000000003804070                vexEventAddWithArg
 .text.vexEventsCleanup
                0x00000000038040ac       0x2c /Applications/VEXcode Pro V5.app/Contents/Resources/sdk/vexv5/libv5rt.a(v5_apijump.c.obj)
                0x00000000038040ac                vexEventsCleanup
 .text.vexDebug
                0x00000000038040d8       0x38 /Applications/VEXcode Pro V5.app/Contents/Resources/sdk/vexv5/libv5rt.a(v5_apijump.c.obj)
                0x00000000038040d8                vexDebug
 .text.vex_sprintf
                0x0000000003804110       0x40 /Applications/VEXcode Pro V5.app/Contents/Resources/sdk/vexv5/libv5rt.a(v5_apijump.c.obj)
                0x0000000003804110                vex_sprintf
 .text.vex_vsnprintf
                0x0000000003804150       0x3c /Applications/VEXcode Pro V5.app/Contents/Resources/sdk/vexv5/libv5rt.a(v5_apijump.c.obj)
                0x0000000003804150                vex_vsnprintf
 .text.vexSystemTimeGet
                0x000000000380418c       0x1c /Applications/VEXcode Pro V5.app/Contents/Resources/sdk/vexv5/libv5rt.a(v5_apijump.c.obj)
                0x000000000380418c                vexSystemTimeGet
 .text.vexSystemExitRequest
                0x00000000038041a8       0x1c /Applications/VEXcode Pro V5.app/Contents/Resources/sdk/vexv5/libv5rt.a(v5_apijump.c.obj)
                0x00000000038041a8                vexSystemExitRequest
 .text.vexDeviceGetByIndex
                0x00000000038041c4       0x24 /Applications/VEXcode Pro V5.app/Contents/Resources/sdk/vexv5/libv5rt.a(v5_apijump.c.obj)
                0x00000000038041c4                vexDeviceGetByIndex
 .text.vexControllerGet
                0x00000000038041e8       0x2c /Applications/VEXcode Pro V5.app/Contents/Resources/sdk/vexv5/libv5rt.a(v5_apijump.c.obj)
                0x00000000038041e8                vexControllerGet
 .text.vexControllerTextSet
                0x0000000003804214       0x74 /Applications/VEXcode Pro V5.app/Contents/Resources/sdk/vexv5/libv5rt.a(v5_apijump.c.obj)
                0x0000000003804214                vexControllerTextSet
 .text.vexDeviceAdiPortConfigSet
                0x0000000003804288       0x34 /Applications/VEXcode Pro V5.app/Contents/Resources/sdk/vexv5/libv5rt.a(v5_apijump.c.obj)
                0x0000000003804288                vexDeviceAdiPortConfigSet
 .text.vexDeviceAdiPortConfigGet
                0x00000000038042bc       0x2c /Applications/VEXcode Pro V5.app/Contents/Resources/sdk/vexv5/libv5rt.a(v5_apijump.c.obj)
                0x00000000038042bc                vexDeviceAdiPortConfigGet
 .text.vexDeviceAdiValueSet
                0x00000000038042e8       0x34 /Applications/VEXcode Pro V5.app/Contents/Resources/sdk/vexv5/libv5rt.a(v5_apijump.c.obj)
                0x00000000038042e8                vexDeviceAdiValueSet
 .text.vexDeviceAdiValueGet
                0x000000000380431c       0x2c /Applications/VEXcode Pro V5.app/Contents/Resources/sdk/vexv5/libv5rt.a(v5_apijump.c.obj)
                0x000000000380431c                vexDeviceAdiValueGet
 .text.vexDeviceMotorVelocitySet
                0x0000000003804348       0x2c /Applications/VEXcode Pro V5.app/Contents/Resources/sdk/vexv5/libv5rt.a(v5_apijump.c.obj)
                0x0000000003804348                vexDeviceMotorVelocitySet
 .text.vexDeviceMotorActualVelocityGet
                0x0000000003804374       0x24 /Applications/VEXcode Pro V5.app/Contents/Resources/sdk/vexv5/libv5rt.a(v5_apijump.c.obj)
                0x0000000003804374                vexDeviceMotorActualVelocityGet
 .text.vexDeviceMotorZeroPositionFlagGet
                0x0000000003804398       0x24 /Applications/VEXcode Pro V5.app/Contents/Resources/sdk/vexv5/libv5rt.a(v5_apijump.c.obj)
                0x0000000003804398                vexDeviceMotorZeroPositionFlagGet
 .text.vexDeviceMotorReverseFlagSet
                0x00000000038043bc       0x2c /Applications/VEXcode Pro V5.app/Contents/Resources/sdk/vexv5/libv5rt.a(v5_apijump.c.obj)
                0x00000000038043bc                vexDeviceMotorReverseFlagSet
 .text.vexDeviceMotorEncoderUnitsSet
                0x00000000038043e8       0x2c /Applications/VEXcode Pro V5.app/Contents/Resources/sdk/vexv5/libv5rt.a(v5_apijump.c.obj)
                0x00000000038043e8                vexDeviceMotorEncoderUnitsSet
 .text.vexDeviceMotorBrakeModeSet
                0x0000000003804414       0x2c /Applications/VEXcode Pro V5.app/Contents/Resources/sdk/vexv5/libv5rt.a(v5_apijump.c.obj)
                0x0000000003804414                vexDeviceMotorBrakeModeSet
 .text.vexDeviceMotorPositionSet
                0x0000000003804440       0x34 /Applications/VEXcode Pro V5.app/Contents/Resources/sdk/vexv5/libv5rt.a(v5_apijump.c.obj)
                0x0000000003804440                vexDeviceMotorPositionSet
 .text.vexDeviceMotorPositionGet
                0x0000000003804474       0x24 /Applications/VEXcode Pro V5.app/Contents/Resources/sdk/vexv5/libv5rt.a(v5_apijump.c.obj)
                0x0000000003804474                vexDeviceMotorPositionGet
 .text.vexDeviceMotorRelativeTargetSet
                0x0000000003804498       0x3c /Applications/VEXcode Pro V5.app/Contents/Resources/sdk/vexv5/libv5rt.a(v5_apijump.c.obj)
                0x0000000003804498                vexDeviceMotorRelativeTargetSet
 .text.vexDeviceMotorGearingSet
                0x00000000038044d4       0x2c /Applications/VEXcode Pro V5.app/Contents/Resources/sdk/vexv5/libv5rt.a(v5_apijump.c.obj)
                0x00000000038044d4                vexDeviceMotorGearingSet
 .text.vexDeviceMotorGearingGet
                0x0000000003804500       0x24 /Applications/VEXcode Pro V5.app/Contents/Resources/sdk/vexv5/libv5rt.a(v5_apijump.c.obj)
                0x0000000003804500                vexDeviceMotorGearingGet
 .text.vexDeviceImuReset
                0x0000000003804524       0x24 /Applications/VEXcode Pro V5.app/Contents/Resources/sdk/vexv5/libv5rt.a(v5_apijump.c.obj)
                0x0000000003804524                vexDeviceImuReset
 .text.vexDeviceImuHeadingGet
                0x0000000003804548       0x24 /Applications/VEXcode Pro V5.app/Contents/Resources/sdk/vexv5/libv5rt.a(v5_apijump.c.obj)
                0x0000000003804548                vexDeviceImuHeadingGet
 .text.vexDeviceImuDegreesGet
                0x000000000380456c       0x24 /Applications/VEXcode Pro V5.app/Contents/Resources/sdk/vexv5/libv5rt.a(v5_apijump.c.obj)
                0x000000000380456c                vexDeviceImuDegreesGet
 .text.vexDeviceImuStatusGet
                0x0000000003804590       0x24 /Applications/VEXcode Pro V5.app/Contents/Resources/sdk/vexv5/libv5rt.a(v5_apijump.c.obj)
                0x0000000003804590                vexDeviceImuStatusGet
 .text.vexDisplayForegroundColor
                0x00000000038045b4       0x24 /Applications/VEXcode Pro V5.app/Contents/Resources/sdk/vexv5/libv5rt.a(v5_apijump.c.obj)
                0x00000000038045b4                vexDisplayForegroundColor
 .text.vexDisplayBackgroundColor
                0x00000000038045d8       0x24 /Applications/VEXcode Pro V5.app/Contents/Resources/sdk/vexv5/libv5rt.a(v5_apijump.c.obj)
                0x00000000038045d8                vexDisplayBackgroundColor
 .text.vexDisplayVPrintf
                0x00000000038045fc       0x50 /Applications/VEXcode Pro V5.app/Contents/Resources/sdk/vexv5/libv5rt.a(v5_apijump.c.obj)
                0x00000000038045fc                vexDisplayVPrintf
 .text.vexDisplayTextReference
                0x000000000380464c       0x24 /Applications/VEXcode Pro V5.app/Contents/Resources/sdk/vexv5/libv5rt.a(v5_apijump.c.obj)
                0x000000000380464c                vexDisplayTextReference
 .text.vexDisplayTextSize
                0x0000000003804670       0x2c /Applications/VEXcode Pro V5.app/Contents/Resources/sdk/vexv5/libv5rt.a(v5_apijump.c.obj)
                0x0000000003804670                vexDisplayTextSize
 .text.vexDisplayFontNamedSet
                0x000000000380469c       0x24 /Applications/VEXcode Pro V5.app/Contents/Resources/sdk/vexv5/libv5rt.a(v5_apijump.c.obj)
                0x000000000380469c                vexDisplayFontNamedSet
 .text.vexDisplayStringWidthGet
                0x00000000038046c0       0x24 /Applications/VEXcode Pro V5.app/Contents/Resources/sdk/vexv5/libv5rt.a(v5_apijump.c.obj)
                0x00000000038046c0                vexDisplayStringWidthGet
 .text.vexSystemStdlibImpureDataAddr
                0x00000000038046e4       0x28 /Applications/VEXcode Pro V5.app/Contents/Resources/sdk/vexv5/libv5rt.a(v5_apijump.c.obj)
                0x00000000038046e4                vexSystemStdlibImpureDataAddr
 .text.vexSystemStdlibImpureDataSize
                0x000000000380470c       0x28 /Applications/VEXcode Pro V5.app/Contents/Resources/sdk/vexv5/libv5rt.a(v5_apijump.c.obj)
                0x000000000380470c                vexSystemStdlibImpureDataSize
 .text.vexSystemSaveUserData
                0x0000000003804734       0x3c /Applications/VEXcode Pro V5.app/Contents/Resources/sdk/vexv5/libv5rt.a(v5_apijump.c.obj)
                0x0000000003804734                vexSystemSaveUserData
 .text.vexDisplayThemeIdGet
                0x0000000003804770       0x38 /Applications/VEXcode Pro V5.app/Contents/Resources/sdk/vexv5/libv5rt.a(v5_apijump.c.obj)
                0x0000000003804770                vexDisplayThemeIdGet
 .text.vexDeviceEventMaskSet
                0x00000000038047a8       0x48 /Applications/VEXcode Pro V5.app/Contents/Resources/sdk/vexv5/libv5rt.a(v5_apijump.c.obj)
                0x00000000038047a8                vexDeviceEventMaskSet
 .text.vexDeviceEventMaskGet
                0x00000000038047f0       0x3c /Applications/VEXcode Pro V5.app/Contents/Resources/sdk/vexv5/libv5rt.a(v5_apijump.c.obj)
                0x00000000038047f0                vexDeviceEventMaskGet
 .text.vexSystemVersion
                0x000000000380482c       0x10 /Applications/VEXcode Pro V5.app/Contents/Resources/sdk/vexv5/libv5rt.a(v5_apiversions.c.obj)
                0x000000000380482c                vexSystemVersion
 .text.vexStdlibVersion
                0x000000000380483c       0x10 /Applications/VEXcode Pro V5.app/Contents/Resources/sdk/vexv5/libv5rt.a(v5_apiversions.c.obj)
                0x000000000380483c                vexStdlibVersion
 *fill*         0x000000000380484c        0x4 
 .text._ZN3vex4waitEdNS_9timeUnitsE
                0x0000000003804850       0x30 /Applications/VEXcode Pro V5.app/Contents/Resources/sdk/vexv5/libv5rt.a(vex_global.cpp.obj)
                0x0000000003804850                vex::wait(double, vex::timeUnits)
 .text._ZN3vex5motorD2Ev
                0x0000000003804880       0x20 /Applications/VEXcode Pro V5.app/Contents/Resources/sdk/vexv5/libv5rt.a(vex_motor.cpp.obj)
                0x0000000003804880                vex::motor::~motor()
                0x0000000003804880                vex::motor::~motor()
 .text._ZN3vex5motorD0Ev
                0x00000000038048a0       0x1c /Applications/VEXcode Pro V5.app/Contents/Resources/sdk/vexv5/libv5rt.a(vex_motor.cpp.obj)
                0x00000000038048a0                vex::motor::~motor()
 .text._ZN3vex5motor9installedEv
                0x00000000038048bc       0x18 /Applications/VEXcode Pro V5.app/Contents/Resources/sdk/vexv5/libv5rt.a(vex_motor.cpp.obj)
                0x00000000038048bc                vex::motor::installed()
 .text._ZN3vex5motor15defaultStoppingENS_9brakeTypeE
                0x00000000038048d4       0x30 /Applications/VEXcode Pro V5.app/Contents/Resources/sdk/vexv5/libv5rt.a(vex_motor.cpp.obj)
                0x00000000038048d4                vex::motor::defaultStopping(vex::brakeType)
 .text._ZN3vex5motor8setBrakeENS_9brakeTypeE
                0x0000000003804904        0x4 /Applications/VEXcode Pro V5.app/Contents/Resources/sdk/vexv5/libv5rt.a(vex_motor.cpp.obj)
                0x0000000003804904                vex::motor::setBrake(vex::brakeType)
 .text._ZN3vex5motor11setStoppingENS_9brakeTypeE
                0x0000000003804908        0x4 /Applications/VEXcode Pro V5.app/Contents/Resources/sdk/vexv5/libv5rt.a(vex_motor.cpp.obj)
                0x0000000003804908                vex::motor::setStopping(vex::brakeType)
 .text._ZN3vex5motorC2El
                0x000000000380490c       0x78 /Applications/VEXcode Pro V5.app/Contents/Resources/sdk/vexv5/libv5rt.a(vex_motor.cpp.obj)
                0x000000000380490c                vex::motor::motor(long)
                0x000000000380490c                vex::motor::motor(long)
 .text._ZN3vex5motorC2ElNS_11gearSettingEb
                0x0000000003804984       0x34 /Applications/VEXcode Pro V5.app/Contents/Resources/sdk/vexv5/libv5rt.a(vex_motor.cpp.obj)
                0x0000000003804984                vex::motor::motor(long, vex::gearSetting, bool)
                0x0000000003804984                vex::motor::motor(long, vex::gearSetting, bool)
 .text._ZN3vex5motor10isSpinningEv
                0x00000000038049b8       0x38 /Applications/VEXcode Pro V5.app/Contents/Resources/sdk/vexv5/libv5rt.a(vex_motor.cpp.obj)
                0x00000000038049b8                vex::motor::isSpinning()
 .text._ZN3vex5motor4stopENS_9brakeTypeE
                0x00000000038049f0       0x30 /Applications/VEXcode Pro V5.app/Contents/Resources/sdk/vexv5/libv5rt.a(vex_motor.cpp.obj)
                0x00000000038049f0                vex::motor::stop(vex::brakeType)
 .text._ZN3vex5motor4stopEv
                0x0000000003804a20        0x8 /Applications/VEXcode Pro V5.app/Contents/Resources/sdk/vexv5/libv5rt.a(vex_motor.cpp.obj)
                0x0000000003804a20                vex::motor::stop()
 .text._ZN3vex5motor16velocityToScaledEdNS_13velocityUnitsE
                0x0000000003804a28       0x5c /Applications/VEXcode Pro V5.app/Contents/Resources/sdk/vexv5/libv5rt.a(vex_motor.cpp.obj)
                0x0000000003804a28                vex::motor::velocityToScaled(double, vex::velocityUnits)
 .text._ZN3vex5motor8velocityENS_13velocityUnitsE
                0x0000000003804a84       0x30 /Applications/VEXcode Pro V5.app/Contents/Resources/sdk/vexv5/libv5rt.a(vex_motor.cpp.obj)
                0x0000000003804a84                vex::motor::velocity(vex::velocityUnits)
 .text._ZN3vex5motor5valueEv
                0x0000000003804ab4       0x1c /Applications/VEXcode Pro V5.app/Contents/Resources/sdk/vexv5/libv5rt.a(vex_motor.cpp.obj)
                0x0000000003804ab4                vex::motor::value()
 .text._ZN3vex5motor16scaledToVelocityEdNS_13velocityUnitsE
                0x0000000003804ad0       0xa4 /Applications/VEXcode Pro V5.app/Contents/Resources/sdk/vexv5/libv5rt.a(vex_motor.cpp.obj)
                0x0000000003804ad0                vex::motor::scaledToVelocity(double, vex::velocityUnits)
 .text._ZN3vex5motor4spinENS_13directionTypeEdNS_13velocityUnitsE
                0x0000000003804b74       0x5c /Applications/VEXcode Pro V5.app/Contents/Resources/sdk/vexv5/libv5rt.a(vex_motor.cpp.obj)
                0x0000000003804b74                vex::motor::spin(vex::directionType, double, vex::velocityUnits)
 .text._ZN3vex5motor11setVelocityEdNS_13velocityUnitsE
                0x0000000003804bd0       0x54 /Applications/VEXcode Pro V5.app/Contents/Resources/sdk/vexv5/libv5rt.a(vex_motor.cpp.obj)
                0x0000000003804bd0                vex::motor::setVelocity(double, vex::velocityUnits)
 .text._ZN3vex5motor16setRotationUnitsENS_13rotationUnitsE
                0x0000000003804c24       0x1c /Applications/VEXcode Pro V5.app/Contents/Resources/sdk/vexv5/libv5rt.a(vex_motor.cpp.obj)
                0x0000000003804c24                vex::motor::setRotationUnits(vex::rotationUnits)
 .text._ZN3vex5motor11setRotationEdNS_13rotationUnitsE
                0x0000000003804c40       0x44 /Applications/VEXcode Pro V5.app/Contents/Resources/sdk/vexv5/libv5rt.a(vex_motor.cpp.obj)
                0x0000000003804c40                vex::motor::setRotation(double, vex::rotationUnits)
 .text._ZN3vex5motor13resetRotationEv
                0x0000000003804c84       0x20 /Applications/VEXcode Pro V5.app/Contents/Resources/sdk/vexv5/libv5rt.a(vex_motor.cpp.obj)
                0x0000000003804c84                vex::motor::resetRotation()
 .text._ZN3vex5motor9rotateForEdNS_13rotationUnitsEdNS_13velocityUnitsEb
                0x0000000003804ca4       0xe0 /Applications/VEXcode Pro V5.app/Contents/Resources/sdk/vexv5/libv5rt.a(vex_motor.cpp.obj)
                0x0000000003804ca4                vex::motor::rotateFor(double, vex::rotationUnits, double, vex::velocityUnits, bool)
 .text._ZN3vex5motor9rotateForENS_13directionTypeEdNS_13rotationUnitsEdNS_13velocityUnitsEb
                0x0000000003804d84       0x34 /Applications/VEXcode Pro V5.app/Contents/Resources/sdk/vexv5/libv5rt.a(vex_motor.cpp.obj)
                0x0000000003804d84                vex::motor::rotateFor(vex::directionType, double, vex::rotationUnits, double, vex::velocityUnits, bool)
 .text._ZN3vex5motor8rotationENS_13rotationUnitsE
                0x0000000003804db8       0x44 /Applications/VEXcode Pro V5.app/Contents/Resources/sdk/vexv5/libv5rt.a(vex_motor.cpp.obj)
                0x0000000003804db8                vex::motor::rotation(vex::rotationUnits)
 *fill*         0x0000000003804dfc        0x4 
 .text._ZN3vex8inertial10setHeadingEdNS_13rotationUnitsE
                0x0000000003804e00       0x58 /Applications/VEXcode Pro V5.app/Contents/Resources/sdk/vexv5/libv5rt.a(vex_imu.cpp.obj)
                0x0000000003804e00                vex::inertial::setHeading(double, vex::rotationUnits)
 .text._ZThn16_N3vex8inertial10setHeadingEdNS_13rotationUnitsE
                0x0000000003804e58        0x8 /Applications/VEXcode Pro V5.app/Contents/Resources/sdk/vexv5/libv5rt.a(vex_imu.cpp.obj)
                0x0000000003804e58                non-virtual thunk to vex::inertial::setHeading(double, vex::rotationUnits)
 .text._ZN3vex8inertial11setRotationEdNS_13rotationUnitsE
                0x0000000003804e60       0x58 /Applications/VEXcode Pro V5.app/Contents/Resources/sdk/vexv5/libv5rt.a(vex_imu.cpp.obj)
                0x0000000003804e60                vex::inertial::setRotation(double, vex::rotationUnits)
 .text._ZThn16_N3vex8inertial11setRotationEdNS_13rotationUnitsE
                0x0000000003804eb8        0x8 /Applications/VEXcode Pro V5.app/Contents/Resources/sdk/vexv5/libv5rt.a(vex_imu.cpp.obj)
                0x0000000003804eb8                non-virtual thunk to vex::inertial::setRotation(double, vex::rotationUnits)
 .text._ZN3vex8inertialD2Ev
                0x0000000003804ec0       0x20 /Applications/VEXcode Pro V5.app/Contents/Resources/sdk/vexv5/libv5rt.a(vex_imu.cpp.obj)
                0x0000000003804ec0                vex::inertial::~inertial()
                0x0000000003804ec0                vex::inertial::~inertial()
 .text._ZThn16_N3vex8inertialD1Ev
                0x0000000003804ee0        0x8 /Applications/VEXcode Pro V5.app/Contents/Resources/sdk/vexv5/libv5rt.a(vex_imu.cpp.obj)
                0x0000000003804ee0                non-virtual thunk to vex::inertial::~inertial()
 .text._ZN3vex8inertialD0Ev
                0x0000000003804ee8       0x1c /Applications/VEXcode Pro V5.app/Contents/Resources/sdk/vexv5/libv5rt.a(vex_imu.cpp.obj)
                0x0000000003804ee8                vex::inertial::~inertial()
 .text._ZThn16_N3vex8inertialD0Ev
                0x0000000003804f04        0x8 /Applications/VEXcode Pro V5.app/Contents/Resources/sdk/vexv5/libv5rt.a(vex_imu.cpp.obj)
                0x0000000003804f04                non-virtual thunk to vex::inertial::~inertial()
 .text._ZN3vex8inertial9installedEv
                0x0000000003804f0c       0x18 /Applications/VEXcode Pro V5.app/Contents/Resources/sdk/vexv5/libv5rt.a(vex_imu.cpp.obj)
                0x0000000003804f0c                vex::inertial::installed()
 .text._ZN3vex8inertial5angleENS_13rotationUnitsE
                0x0000000003804f24       0x60 /Applications/VEXcode Pro V5.app/Contents/Resources/sdk/vexv5/libv5rt.a(vex_imu.cpp.obj)
                0x0000000003804f24                vex::inertial::angle(vex::rotationUnits)
 .text._ZThn16_N3vex8inertial5angleENS_13rotationUnitsE
                0x0000000003804f84        0x8 /Applications/VEXcode Pro V5.app/Contents/Resources/sdk/vexv5/libv5rt.a(vex_imu.cpp.obj)
                0x0000000003804f84                non-virtual thunk to vex::inertial::angle(vex::rotationUnits)
 .text._ZN3vex8inertial7headingENS_13rotationUnitsE
                0x0000000003804f8c        0x4 /Applications/VEXcode Pro V5.app/Contents/Resources/sdk/vexv5/libv5rt.a(vex_imu.cpp.obj)
                0x0000000003804f8c                vex::inertial::heading(vex::rotationUnits)
 .text._ZThn16_N3vex8inertial7headingENS_13rotationUnitsE
                0x0000000003804f90        0x8 /Applications/VEXcode Pro V5.app/Contents/Resources/sdk/vexv5/libv5rt.a(vex_imu.cpp.obj)
                0x0000000003804f90                non-virtual thunk to vex::inertial::heading(vex::rotationUnits)
 .text._ZN3vex8inertial5valueEv
                0x0000000003804f98       0x1c /Applications/VEXcode Pro V5.app/Contents/Resources/sdk/vexv5/libv5rt.a(vex_imu.cpp.obj)
                0x0000000003804f98                vex::inertial::value()
 *fill*         0x0000000003804fb4        0x4 
 .text._ZN3vex8inertial8rotationENS_13rotationUnitsE
                0x0000000003804fb8       0x40 /Applications/VEXcode Pro V5.app/Contents/Resources/sdk/vexv5/libv5rt.a(vex_imu.cpp.obj)
                0x0000000003804fb8                vex::inertial::rotation(vex::rotationUnits)
 .text._ZThn16_N3vex8inertial8rotationENS_13rotationUnitsE
                0x0000000003804ff8        0x8 /Applications/VEXcode Pro V5.app/Contents/Resources/sdk/vexv5/libv5rt.a(vex_imu.cpp.obj)
                0x0000000003804ff8                non-virtual thunk to vex::inertial::rotation(vex::rotationUnits)
 .text._ZN3vex8inertial13isCalibratingEv
                0x0000000003805000       0x38 /Applications/VEXcode Pro V5.app/Contents/Resources/sdk/vexv5/libv5rt.a(vex_imu.cpp.obj)
                0x0000000003805000                vex::inertial::isCalibrating()
 .text._ZThn16_N3vex8inertial13isCalibratingEv
                0x0000000003805038        0x8 /Applications/VEXcode Pro V5.app/Contents/Resources/sdk/vexv5/libv5rt.a(vex_imu.cpp.obj)
                0x0000000003805038                non-virtual thunk to vex::inertial::isCalibrating()
 .text._ZN3vex8inertialC2El
                0x0000000003805040       0x48 /Applications/VEXcode Pro V5.app/Contents/Resources/sdk/vexv5/libv5rt.a(vex_imu.cpp.obj)
                0x0000000003805040                vex::inertial::inertial(long)
                0x0000000003805040                vex::inertial::inertial(long)
 .text._ZN3vex8inertial12resetHeadingEv
                0x0000000003805088       0x20 /Applications/VEXcode Pro V5.app/Contents/Resources/sdk/vexv5/libv5rt.a(vex_imu.cpp.obj)
                0x0000000003805088                vex::inertial::resetHeading()
 .text._ZN3vex8inertial13resetRotationEv
                0x00000000038050a8       0x20 /Applications/VEXcode Pro V5.app/Contents/Resources/sdk/vexv5/libv5rt.a(vex_imu.cpp.obj)
                0x00000000038050a8                vex::inertial::resetRotation()
 .text._ZN3vex8inertial16startCalibrationEl
                0x00000000038050c8       0x20 /Applications/VEXcode Pro V5.app/Contents/Resources/sdk/vexv5/libv5rt.a(vex_imu.cpp.obj)
                0x00000000038050c8                vex::inertial::startCalibration(long)
 .text._ZN3vex8inertial9calibrateEl
                0x00000000038050e8        0xc /Applications/VEXcode Pro V5.app/Contents/Resources/sdk/vexv5/libv5rt.a(vex_imu.cpp.obj)
                0x00000000038050e8                vex::inertial::calibrate(long)
                0x00000000038050ec                non-virtual thunk to vex::inertial::calibrate(long)
 .text._ZN3vex10controllerD2Ev
                0x00000000038050f4        0x4 /Applications/VEXcode Pro V5.app/Contents/Resources/sdk/vexv5/libv5rt.a(vex_controller.cpp.obj)
                0x00000000038050f4                vex::controller::~controller()
                0x00000000038050f4                vex::controller::~controller()
 .text._ZN3vex10controller5valueE19_V5_ControllerIndex
                0x00000000038050f8        0x8 /Applications/VEXcode Pro V5.app/Contents/Resources/sdk/vexv5/libv5rt.a(vex_controller.cpp.obj)
                0x00000000038050f8                vex::controller::value(_V5_ControllerIndex)
 .text._ZN3vex10controller6button7pressedEPFvvE
                0x0000000003805100      0x108 /Applications/VEXcode Pro V5.app/Contents/Resources/sdk/vexv5/libv5rt.a(vex_controller.cpp.obj)
                0x0000000003805100                vex::controller::button::pressed(void (*)())
 .text._ZN3vex10controller6button21_buttonToPressedEventEv
                0x0000000003805208       0x20 /Applications/VEXcode Pro V5.app/Contents/Resources/sdk/vexv5/libv5rt.a(vex_controller.cpp.obj)
                0x0000000003805208                vex::controller::button::_buttonToPressedEvent()
 .text._ZN3vex10controller6button22_buttonToReleasedEventEv
                0x0000000003805228       0x20 /Applications/VEXcode Pro V5.app/Contents/Resources/sdk/vexv5/libv5rt.a(vex_controller.cpp.obj)
                0x0000000003805228                vex::controller::button::_buttonToReleasedEvent()
 .text._ZN3vex10controller6buttonC2ENS0_11tButtonTypeEPS0_
                0x0000000003805248       0x48 /Applications/VEXcode Pro V5.app/Contents/Resources/sdk/vexv5/libv5rt.a(vex_controller.cpp.obj)
                0x0000000003805248                vex::controller::button::button(vex::controller::tButtonType, vex::controller*)
                0x0000000003805248                vex::controller::button::button(vex::controller::tButtonType, vex::controller*)
 .text._ZN3vex10controller4axis5valueEv
                0x0000000003805290       0x58 /Applications/VEXcode Pro V5.app/Contents/Resources/sdk/vexv5/libv5rt.a(vex_controller.cpp.obj)
                0x0000000003805290                vex::controller::axis::value()
 .text._ZN3vex10controller4axis8positionENS_12percentUnitsE
                0x00000000038052e8       0x1c /Applications/VEXcode Pro V5.app/Contents/Resources/sdk/vexv5/libv5rt.a(vex_controller.cpp.obj)
                0x00000000038052e8                vex::controller::axis::position(vex::percentUnits)
 .text._ZN3vex10controller4axis23_joystickToChangedEventEv
                0x0000000003805304       0x20 /Applications/VEXcode Pro V5.app/Contents/Resources/sdk/vexv5/libv5rt.a(vex_controller.cpp.obj)
                0x0000000003805304                vex::controller::axis::_joystickToChangedEvent()
 .text._ZN3vex10controller4axisC2ENS0_9tAxisTypeEPS0_
                0x0000000003805324       0x2c /Applications/VEXcode Pro V5.app/Contents/Resources/sdk/vexv5/libv5rt.a(vex_controller.cpp.obj)
                0x0000000003805324                vex::controller::axis::axis(vex::controller::tAxisType, vex::controller*)
                0x0000000003805324                vex::controller::axis::axis(vex::controller::tAxisType, vex::controller*)
 .text._ZN3vex10controllerC2ENS_14controllerTypeE
                0x0000000003805350      0x204 /Applications/VEXcode Pro V5.app/Contents/Resources/sdk/vexv5/libv5rt.a(vex_controller.cpp.obj)
                0x0000000003805350                vex::controller::controller(vex::controllerType)
                0x0000000003805350                vex::controller::controller(vex::controllerType)
 .text._ZN3vex10controller3lcd15getControllerIdEv
                0x0000000003805554       0x10 /Applications/VEXcode Pro V5.app/Contents/Resources/sdk/vexv5/libv5rt.a(vex_controller.cpp.obj)
                0x0000000003805554                vex::controller::lcd::getControllerId()
 .text._ZN3vex10controller3lcd9setCursorEll
                0x0000000003805564       0x40 /Applications/VEXcode Pro V5.app/Contents/Resources/sdk/vexv5/libv5rt.a(vex_controller.cpp.obj)
                0x0000000003805564                vex::controller::lcd::setCursor(long, long)
 .text._ZN3vex10controller3lcd5printEPKcz
                0x00000000038055a4       0x80 /Applications/VEXcode Pro V5.app/Contents/Resources/sdk/vexv5/libv5rt.a(vex_controller.cpp.obj)
                0x00000000038055a4                vex::controller::lcd::print(char const*, ...)
 .text._ZN3vex10controller3lcd9clearLineEi
                0x0000000003805624       0x80 /Applications/VEXcode Pro V5.app/Contents/Resources/sdk/vexv5/libv5rt.a(vex_controller.cpp.obj)
                0x0000000003805624                vex::controller::lcd::clearLine(int)
 .text._ZN3vex10controller3lcd11clearScreenEv
                0x00000000038056a4       0x5c /Applications/VEXcode Pro V5.app/Contents/Resources/sdk/vexv5/libv5rt.a(vex_controller.cpp.obj)
                0x00000000038056a4                vex::controller::lcd::clearScreen()
 .text._ZN3vex4taskC2EPFivE
                0x0000000003805700       0x5c /Applications/VEXcode Pro V5.app/Contents/Resources/sdk/vexv5/libv5rt.a(vex_task.cpp.obj)
                0x0000000003805700                vex::task::task(int (*)())
                0x0000000003805700                vex::task::task(int (*)())
 .text._ZN3vex4taskD2Ev
                0x000000000380575c        0x4 /Applications/VEXcode Pro V5.app/Contents/Resources/sdk/vexv5/libv5rt.a(vex_task.cpp.obj)
                0x000000000380575c                vex::task::~task()
                0x000000000380575c                vex::task::~task()
 .text._ZN3vex4task4stopERKS0_
                0x0000000003805760       0x18 /Applications/VEXcode Pro V5.app/Contents/Resources/sdk/vexv5/libv5rt.a(vex_task.cpp.obj)
                0x0000000003805760                vex::task::stop(vex::task const&)
 .text._ZN3vex4task5sleepEm
                0x0000000003805778        0x4 /Applications/VEXcode Pro V5.app/Contents/Resources/sdk/vexv5/libv5rt.a(vex_task.cpp.obj)
                0x0000000003805778                vex::task::sleep(unsigned long)
 .text._ZN3vex4task5yieldEv
                0x000000000380577c        0x4 /Applications/VEXcode Pro V5.app/Contents/Resources/sdk/vexv5/libv5rt.a(vex_task.cpp.obj)
                0x000000000380577c                vex::task::yield()
 .text._ZN3vex4task6_indexEPFivE
                0x0000000003805780       0x14 /Applications/VEXcode Pro V5.app/Contents/Resources/sdk/vexv5/libv5rt.a(vex_task.cpp.obj)
                0x0000000003805780                vex::task::_index(int (*)())
 .text._ZN3vex4task8_stopAllEv
                0x0000000003805794       0x3c /Applications/VEXcode Pro V5.app/Contents/Resources/sdk/vexv5/libv5rt.a(vex_task.cpp.obj)
                0x0000000003805794                vex::task::_stopAll()
 .text._ZN3vex11this_thread9sleep_forEm
                0x00000000038057d0        0x4 /Applications/VEXcode Pro V5.app/Contents/Resources/sdk/vexv5/libv5rt.a(vex_thread.cpp.obj)
                0x00000000038057d0                vex::this_thread::sleep_for(unsigned long)
 .text._ZN3vex5event4initEmmPFvvE
                0x00000000038057d4        0x4 /Applications/VEXcode Pro V5.app/Contents/Resources/sdk/vexv5/libv5rt.a(vex_event.cpp.obj)
                0x00000000038057d4                vex::event::init(unsigned long, unsigned long, void (*)())
 .text._ZN3vex5event4initEmmPFvPvES1_
                0x00000000038057d8        0x4 /Applications/VEXcode Pro V5.app/Contents/Resources/sdk/vexv5/libv5rt.a(vex_event.cpp.obj)
                0x00000000038057d8                vex::event::init(unsigned long, unsigned long, void (*)(void*), void*)
 .text._ZN3vex5event9userindexEv
                0x00000000038057dc        0x4 /Applications/VEXcode Pro V5.app/Contents/Resources/sdk/vexv5/libv5rt.a(vex_event.cpp.obj)
                0x00000000038057dc                vex::event::userindex()
 .text._ZZN3vex6meventC4EmmENUlvE_4_FUNEv
                0x00000000038057e0        0x4 /Applications/VEXcode Pro V5.app/Contents/Resources/sdk/vexv5/libv5rt.a(vex_mevent.cpp.obj)
 .text._ZN3vex6meventC2Emm
                0x00000000038057e4       0x70 /Applications/VEXcode Pro V5.app/Contents/Resources/sdk/vexv5/libv5rt.a(vex_mevent.cpp.obj)
                0x00000000038057e4                vex::mevent::mevent(unsigned long, unsigned long)
                0x00000000038057e4                vex::mevent::mevent(unsigned long, unsigned long)
 .text._ZN3vex5brain9_getIndexEv
                0x0000000003805854       0x10 /Applications/VEXcode Pro V5.app/Contents/Resources/sdk/vexv5/libv5rt.a(vex_brain.cpp.obj)
                0x0000000003805854                vex::brain::_getIndex()
 .text._ZN3vex5brain3lcd9setCursorEll
                0x0000000003805864       0x44 /Applications/VEXcode Pro V5.app/Contents/Resources/sdk/vexv5/libv5rt.a(vex_brain.cpp.obj)
                0x0000000003805864                vex::brain::lcd::setCursor(long, long)
 .text._ZN3vex5brain3lcd7setFontENS_8fontTypeE
                0x00000000038058a8      0x23c /Applications/VEXcode Pro V5.app/Contents/Resources/sdk/vexv5/libv5rt.a(vex_brain.cpp.obj)
                0x00000000038058a8                vex::brain::lcd::setFont(vex::fontType)
 .text._ZN3vex5brain3lcdC2Ev
                0x0000000003805ae4       0x94 /Applications/VEXcode Pro V5.app/Contents/Resources/sdk/vexv5/libv5rt.a(vex_brain.cpp.obj)
                0x0000000003805ae4                vex::brain::lcd::lcd()
                0x0000000003805ae4                vex::brain::lcd::lcd()
 .text._ZN3vex5brainC2Ev
                0x0000000003805b78       0x38 /Applications/VEXcode Pro V5.app/Contents/Resources/sdk/vexv5/libv5rt.a(vex_brain.cpp.obj)
                0x0000000003805b78                vex::brain::brain()
                0x0000000003805b78                vex::brain::brain()
 .text._ZN3vex5brain3lcd7newLineEv
                0x0000000003805bb0       0x20 /Applications/VEXcode Pro V5.app/Contents/Resources/sdk/vexv5/libv5rt.a(vex_brain.cpp.obj)
                0x0000000003805bb0                vex::brain::lcd::newLine()
 .text._ZN3vex5brain3lcd10rowToPixelEl
                0x0000000003805bd0       0x34 /Applications/VEXcode Pro V5.app/Contents/Resources/sdk/vexv5/libv5rt.a(vex_brain.cpp.obj)
                0x0000000003805bd0                vex::brain::lcd::rowToPixel(long)
 .text._ZN3vex5brain3lcd5printEPKcz
                0x0000000003805c04       0xb8 /Applications/VEXcode Pro V5.app/Contents/Resources/sdk/vexv5/libv5rt.a(vex_brain.cpp.obj)
                0x0000000003805c04                vex::brain::lcd::print(char const*, ...)
 .text._ZN3vex5brainD2Ev
                0x0000000003805cbc       0x20 /Applications/VEXcode Pro V5.app/Contents/Resources/sdk/vexv5/libv5rt.a(vex_brain.cpp.obj)
                0x0000000003805cbc                vex::brain::~brain()
                0x0000000003805cbc                vex::brain::~brain()
 .text._ZN3vex11competition11_autonomousEv
                0x0000000003805cdc       0x90 /Applications/VEXcode Pro V5.app/Contents/Resources/sdk/vexv5/libv5rt.a(vex_competition.cpp.obj)
                0x0000000003805cdc                vex::competition::_autonomous()
 .text._ZN3vex11competition14_drivercontrolEv
                0x0000000003805d6c       0x90 /Applications/VEXcode Pro V5.app/Contents/Resources/sdk/vexv5/libv5rt.a(vex_competition.cpp.obj)
                0x0000000003805d6c                vex::competition::_drivercontrol()
 .text._ZN3vex11competition8_disableEPv
                0x0000000003805dfc       0xc8 /Applications/VEXcode Pro V5.app/Contents/Resources/sdk/vexv5/libv5rt.a(vex_competition.cpp.obj)
                0x0000000003805dfc                vex::competition::_disable(void*)
 .text._ZN3vex11competitionC2Ev
                0x0000000003805ec4      0x13c /Applications/VEXcode Pro V5.app/Contents/Resources/sdk/vexv5/libv5rt.a(vex_competition.cpp.obj)
                0x0000000003805ec4                vex::competition::competition()
                0x0000000003805ec4                vex::competition::competition()
 .text._ZN3vex11competitionD2Ev
                0x0000000003806000        0x4 /Applications/VEXcode Pro V5.app/Contents/Resources/sdk/vexv5/libv5rt.a(vex_competition.cpp.obj)
                0x0000000003806000                vex::competition::~competition()
                0x0000000003806000                vex::competition::~competition()
 .text._ZN3vex11competition10autonomousEPFvvE
                0x0000000003806004       0x44 /Applications/VEXcode Pro V5.app/Contents/Resources/sdk/vexv5/libv5rt.a(vex_competition.cpp.obj)
                0x0000000003806004                vex::competition::autonomous(void (*)())
 .text._ZN3vex11competition13drivercontrolEPFvvE
                0x0000000003806048       0x44 /Applications/VEXcode Pro V5.app/Contents/Resources/sdk/vexv5/libv5rt.a(vex_competition.cpp.obj)
                0x0000000003806048                vex::competition::drivercontrol(void (*)())
 .text._ZN3vex7triportD2Ev
                0x000000000380608c       0x38 /Applications/VEXcode Pro V5.app/Contents/Resources/sdk/vexv5/libv5rt.a(vex_triport.cpp.obj)
                0x000000000380608c                vex::triport::~triport()
                0x000000000380608c                vex::triport::~triport()
 .text._ZN3vex7triportD0Ev
                0x00000000038060c4       0x1c /Applications/VEXcode Pro V5.app/Contents/Resources/sdk/vexv5/libv5rt.a(vex_triport.cpp.obj)
                0x00000000038060c4                vex::triport::~triport()
 .text._ZN3vex7triport9installedEv
                0x00000000038060e0       0x18 /Applications/VEXcode Pro V5.app/Contents/Resources/sdk/vexv5/libv5rt.a(vex_triport.cpp.obj)
                0x00000000038060e0                vex::triport::installed()
 .text._ZN3vex7triport4portC2ElPS0_
                0x00000000038060f8       0x74 /Applications/VEXcode Pro V5.app/Contents/Resources/sdk/vexv5/libv5rt.a(vex_triport.cpp.obj)
                0x00000000038060f8                vex::triport::port::port(long, vex::triport*)
                0x00000000038060f8                vex::triport::port::port(long, vex::triport*)
 .text._ZN3vex7triportC2El
                0x000000000380616c       0xf0 /Applications/VEXcode Pro V5.app/Contents/Resources/sdk/vexv5/libv5rt.a(vex_triport.cpp.obj)
                0x000000000380616c                vex::triport::triport(long)
                0x000000000380616c                vex::triport::triport(long)
 .text._ZN3vex7triport4port4typeENS_11triportTypeE
                0x000000000380625c       0x30 /Applications/VEXcode Pro V5.app/Contents/Resources/sdk/vexv5/libv5rt.a(vex_triport.cpp.obj)
                0x000000000380625c                vex::triport::port::type(vex::triportType)
 .text._ZN3vex7triport4port4typeEv
                0x000000000380628c       0x38 /Applications/VEXcode Pro V5.app/Contents/Resources/sdk/vexv5/libv5rt.a(vex_triport.cpp.obj)
                0x000000000380628c                vex::triport::port::type()
 .text._ZN3vex7triport4port5valueEv
                0x00000000038062c4       0x14 /Applications/VEXcode Pro V5.app/Contents/Resources/sdk/vexv5/libv5rt.a(vex_triport.cpp.obj)
                0x00000000038062c4                vex::triport::port::value()
 .text._ZN3vex7triport4port5valueEl
                0x00000000038062d8       0x18 /Applications/VEXcode Pro V5.app/Contents/Resources/sdk/vexv5/libv5rt.a(vex_triport.cpp.obj)
                0x00000000038062d8                vex::triport::port::value(long)
 .text._ZN3vex7triport4port11setRotationEdNS_13rotationUnitsE
                0x00000000038062f0       0x50 /Applications/VEXcode Pro V5.app/Contents/Resources/sdk/vexv5/libv5rt.a(vex_triport.cpp.obj)
                0x00000000038062f0                vex::triport::port::setRotation(double, vex::rotationUnits)
 .text._ZN3vex7triport4port13resetRotationEv
                0x0000000003806340       0x20 /Applications/VEXcode Pro V5.app/Contents/Resources/sdk/vexv5/libv5rt.a(vex_triport.cpp.obj)
                0x0000000003806340                vex::triport::port::resetRotation()
 .text._ZN3vex7triport4port8rotationENS_13rotationUnitsE
                0x0000000003806360       0x40 /Applications/VEXcode Pro V5.app/Contents/Resources/sdk/vexv5/libv5rt.a(vex_triport.cpp.obj)
                0x0000000003806360                vex::triport::port::rotation(vex::rotationUnits)
 .text._ZN3vex11__trideviceC2ERNS_7triport4portENS_11triportTypeE
                0x00000000038063a0       0x5c /Applications/VEXcode Pro V5.app/Contents/Resources/sdk/vexv5/libv5rt.a(vex_triport.cpp.obj)
                0x00000000038063a0                vex::__tridevice::__tridevice(vex::triport::port&, vex::triportType)
                0x00000000038063a0                vex::__tridevice::__tridevice(vex::triport::port&, vex::triportType)
 .text._ZN3vex11digital_outC2ERNS_7triport4portE
                0x00000000038063fc       0x18 /Applications/VEXcode Pro V5.app/Contents/Resources/sdk/vexv5/libv5rt.a(vex_triport.cpp.obj)
                0x00000000038063fc                vex::digital_out::digital_out(vex::triport::port&)
                0x00000000038063fc                vex::digital_out::digital_out(vex::triport::port&)
 .text._ZN3vex11digital_outD2Ev
                0x0000000003806414        0x4 /Applications/VEXcode Pro V5.app/Contents/Resources/sdk/vexv5/libv5rt.a(vex_triport.cpp.obj)
                0x0000000003806414                vex::digital_out::~digital_out()
                0x0000000003806414                vex::digital_out::~digital_out()
 .text._ZN3vex11digital_out5valueEv
                0x0000000003806418        0x8 /Applications/VEXcode Pro V5.app/Contents/Resources/sdk/vexv5/libv5rt.a(vex_triport.cpp.obj)
                0x0000000003806418                vex::digital_out::value()
 .text._ZN3vex11digital_out3setEb
                0x0000000003806420        0x8 /Applications/VEXcode Pro V5.app/Contents/Resources/sdk/vexv5/libv5rt.a(vex_triport.cpp.obj)
                0x0000000003806420                vex::digital_out::set(bool)
 .text._ZN3vex7encoderC2ERNS_7triport4portE
                0x0000000003806428       0x20 /Applications/VEXcode Pro V5.app/Contents/Resources/sdk/vexv5/libv5rt.a(vex_triport.cpp.obj)
                0x0000000003806428                vex::encoder::encoder(vex::triport::port&)
                0x0000000003806428                vex::encoder::encoder(vex::triport::port&)
 .text._ZN3vex7encoderD2Ev
                0x0000000003806448        0x4 /Applications/VEXcode Pro V5.app/Contents/Resources/sdk/vexv5/libv5rt.a(vex_triport.cpp.obj)
                0x0000000003806448                vex::encoder::~encoder()
                0x0000000003806448                vex::encoder::~encoder()
 .text._ZN3vex7encoder13resetRotationEv
                0x000000000380644c        0x8 /Applications/VEXcode Pro V5.app/Contents/Resources/sdk/vexv5/libv5rt.a(vex_triport.cpp.obj)
                0x000000000380644c                vex::encoder::resetRotation()
 .text._ZN3vex7encoder11setPositionEdNS_13rotationUnitsE
                0x0000000003806454        0x8 /Applications/VEXcode Pro V5.app/Contents/Resources/sdk/vexv5/libv5rt.a(vex_triport.cpp.obj)
                0x0000000003806454                vex::encoder::setPosition(double, vex::rotationUnits)
 .text._ZN3vex7encoder8rotationENS_13rotationUnitsE
                0x000000000380645c        0x8 /Applications/VEXcode Pro V5.app/Contents/Resources/sdk/vexv5/libv5rt.a(vex_triport.cpp.obj)
                0x000000000380645c                vex::encoder::rotation(vex::rotationUnits)
 .text._ZN3vex7encoder8positionENS_13rotationUnitsE
                0x0000000003806464        0x8 /Applications/VEXcode Pro V5.app/Contents/Resources/sdk/vexv5/libv5rt.a(vex_triport.cpp.obj)
                0x0000000003806464                vex::encoder::position(vex::rotationUnits)
 .text.startup._GLOBAL__sub_I__ZN3vex7triportC2El
                0x000000000380646c       0x30 /Applications/VEXcode Pro V5.app/Contents/Resources/sdk/vexv5/libv5rt.a(vex_triport.cpp.obj)
 .text._ZN3vex5colorD2Ev
                0x000000000380649c        0x4 /Applications/VEXcode Pro V5.app/Contents/Resources/sdk/vexv5/libv5rt.a(vex_color.cpp.obj)
                0x000000000380649c                vex::color::~color()
                0x000000000380649c                vex::color::~color()
 .text.startup._GLOBAL__sub_I__ZN3vex5color5blackE
                0x00000000038064a0      0x164 /Applications/VEXcode Pro V5.app/Contents/Resources/sdk/vexv5/libv5rt.a(vex_color.cpp.obj)
 .text._ZN3vex5timerD2Ev
                0x0000000003806604        0x4 /Applications/VEXcode Pro V5.app/Contents/Resources/sdk/vexv5/libv5rt.a(vex_timer.cpp.obj)
                0x0000000003806604                vex::timer::~timer()
                0x0000000003806604                vex::timer::~timer()
 .text._ZN3vex5timer5clearEv
                0x0000000003806608       0x1c /Applications/VEXcode Pro V5.app/Contents/Resources/sdk/vexv5/libv5rt.a(vex_timer.cpp.obj)
                0x0000000003806608                vex::timer::clear()
 .text._ZN3vex5timerC2Ev
                0x0000000003806624       0x14 /Applications/VEXcode Pro V5.app/Contents/Resources/sdk/vexv5/libv5rt.a(vex_timer.cpp.obj)
                0x0000000003806624                vex::timer::timer()
                0x0000000003806624                vex::timer::timer()
 .text._ZNK3vex5timer4timeEv
                0x0000000003806638       0x1c /Applications/VEXcode Pro V5.app/Contents/Resources/sdk/vexv5/libv5rt.a(vex_timer.cpp.obj)
                0x0000000003806638                vex::timer::time() const
 .text._ZN3vex11motor_group18motor_group_motorsC2Ev
                0x0000000003806654       0x28 /Applications/VEXcode Pro V5.app/Contents/Resources/sdk/vexv5/libv5rt.a(vex_motorgroup.cpp.obj)
                0x0000000003806654                vex::motor_group::motor_group_motors::motor_group_motors()
                0x0000000003806654                vex::motor_group::motor_group_motors::motor_group_motors()
 .text._ZN3vex11motor_groupC2Ev
                0x000000000380667c       0x1c /Applications/VEXcode Pro V5.app/Contents/Resources/sdk/vexv5/libv5rt.a(vex_motorgroup.cpp.obj)
                0x000000000380667c                vex::motor_group::motor_group()
                0x000000000380667c                vex::motor_group::motor_group()
 .text._ZN3vex11motor_groupD2Ev
                0x0000000003806698        0x4 /Applications/VEXcode Pro V5.app/Contents/Resources/sdk/vexv5/libv5rt.a(vex_motorgroup.cpp.obj)
                0x0000000003806698                vex::motor_group::~motor_group()
                0x0000000003806698                vex::motor_group::~motor_group()
 .text._ZN3vex11motor_group9_addMotorERNS_5motorE
                0x000000000380669c       0x20 /Applications/VEXcode Pro V5.app/Contents/Resources/sdk/vexv5/libv5rt.a(vex_motorgroup.cpp.obj)
                0x000000000380669c                vex::motor_group::_addMotor(vex::motor&)
 .text._ZN3vex11motor_group11setVelocityEdNS_13velocityUnitsE
                0x00000000038066bc       0x4c /Applications/VEXcode Pro V5.app/Contents/Resources/sdk/vexv5/libv5rt.a(vex_motorgroup.cpp.obj)
                0x00000000038066bc                vex::motor_group::setVelocity(double, vex::velocityUnits)
 .text._ZN3vex11motor_group4spinENS_13directionTypeEdNS_13velocityUnitsE
                0x0000000003806708       0x54 /Applications/VEXcode Pro V5.app/Contents/Resources/sdk/vexv5/libv5rt.a(vex_motorgroup.cpp.obj)
                0x0000000003806708                vex::motor_group::spin(vex::directionType, double, vex::velocityUnits)
 .text._ZN3vex11motor_group10isSpinningEv
                0x000000000380675c       0x40 /Applications/VEXcode Pro V5.app/Contents/Resources/sdk/vexv5/libv5rt.a(vex_motorgroup.cpp.obj)
                0x000000000380675c                vex::motor_group::isSpinning()
 .text._ZN3vex11motor_group6isDoneEv
                0x000000000380679c       0x14 /Applications/VEXcode Pro V5.app/Contents/Resources/sdk/vexv5/libv5rt.a(vex_motorgroup.cpp.obj)
                0x000000000380679c                vex::motor_group::isDone()
 .text._ZN3vex11motor_group4stopEv
                0x00000000038067b0       0x30 /Applications/VEXcode Pro V5.app/Contents/Resources/sdk/vexv5/libv5rt.a(vex_motorgroup.cpp.obj)
                0x00000000038067b0                vex::motor_group::stop()
 .text._ZN3vex11motor_group20waitForCompletionAllEv
                0x00000000038067e0       0x60 /Applications/VEXcode Pro V5.app/Contents/Resources/sdk/vexv5/libv5rt.a(vex_motorgroup.cpp.obj)
                0x00000000038067e0                vex::motor_group::waitForCompletionAll()
 .text._ZN3vex11motor_group9rotateForENS_13directionTypeEdNS_13rotationUnitsEdNS_13velocityUnitsEb
                0x0000000003806840       0xa8 /Applications/VEXcode Pro V5.app/Contents/Resources/sdk/vexv5/libv5rt.a(vex_motorgroup.cpp.obj)
                0x0000000003806840                vex::motor_group::rotateFor(vex::directionType, double, vex::rotationUnits, double, vex::velocityUnits, bool)
 .text._ZN3vex10smartdriveD2Ev
                0x00000000038068e8       0x3c /Applications/VEXcode Pro V5.app/Contents/Resources/sdk/vexv5/libv5rt.a(vex_smartdrive.cpp.obj)
                0x00000000038068e8                vex::smartdrive::~smartdrive()
                0x00000000038068e8                vex::smartdrive::~smartdrive()
 .text._ZN3vex10smartdriveD0Ev
                0x0000000003806924       0x1c /Applications/VEXcode Pro V5.app/Contents/Resources/sdk/vexv5/libv5rt.a(vex_smartdrive.cpp.obj)
                0x0000000003806924                vex::smartdrive::~smartdrive()
 .text._ZN3vex10smartdriveC2ERNS_11motor_groupES2_RNS_5guidoEdddNS_13distanceUnitsEd
                0x0000000003806940       0x7c /Applications/VEXcode Pro V5.app/Contents/Resources/sdk/vexv5/libv5rt.a(vex_smartdrive.cpp.obj)
                0x0000000003806940                vex::smartdrive::smartdrive(vex::motor_group&, vex::motor_group&, vex::guido&, double, double, double, vex::distanceUnits, double)
                0x0000000003806940                vex::smartdrive::smartdrive(vex::motor_group&, vex::motor_group&, vex::guido&, double, double, double, vex::distanceUnits, double)
 .text._ZN3vex10smartdrive8rotationENS_13rotationUnitsE
                0x00000000038069bc       0x10 /Applications/VEXcode Pro V5.app/Contents/Resources/sdk/vexv5/libv5rt.a(vex_smartdrive.cpp.obj)
                0x00000000038069bc                vex::smartdrive::rotation(vex::rotationUnits)
 .text._ZN3vex10smartdrive9isTurningEv
                0x00000000038069cc       0x1c /Applications/VEXcode Pro V5.app/Contents/Resources/sdk/vexv5/libv5rt.a(vex_smartdrive.cpp.obj)
                0x00000000038069cc                vex::smartdrive::isTurning()
 .text._ZN3vex10smartdrive11_initeventsEv
                0x00000000038069e8       0x50 /Applications/VEXcode Pro V5.app/Contents/Resources/sdk/vexv5/libv5rt.a(vex_smartdrive.cpp.obj)
                0x00000000038069e8                vex::smartdrive::_initevents()
 .text._ZN3vex10smartdrive22_testForCompletionGyroEv
                0x0000000003806a38       0xc4 /Applications/VEXcode Pro V5.app/Contents/Resources/sdk/vexv5/libv5rt.a(vex_smartdrive.cpp.obj)
                0x0000000003806a38                vex::smartdrive::_testForCompletionGyro()
 .text._ZN3vex10smartdrive9_gyrotaskEPv
                0x0000000003806afc       0x7c /Applications/VEXcode Pro V5.app/Contents/Resources/sdk/vexv5/libv5rt.a(vex_smartdrive.cpp.obj)
                0x0000000003806afc                vex::smartdrive::_gyrotask(void*)
 .text._ZN3vex10smartdrive22_waitForCompletionGyroEv
                0x0000000003806b78       0x80 /Applications/VEXcode Pro V5.app/Contents/Resources/sdk/vexv5/libv5rt.a(vex_smartdrive.cpp.obj)
                0x0000000003806b78                vex::smartdrive::_waitForCompletionGyro()
 .text._ZN3vex10smartdrive7turnForENS_8turnTypeEdNS_13rotationUnitsEdNS_13velocityUnitsEb
                0x0000000003806bf8      0x160 /Applications/VEXcode Pro V5.app/Contents/Resources/sdk/vexv5/libv5rt.a(vex_smartdrive.cpp.obj)
                0x0000000003806bf8                vex::smartdrive::turnFor(vex::turnType, double, vex::rotationUnits, double, vex::velocityUnits, bool)
 .text._ZN3vex10smartdrive7turnForENS_8turnTypeEdNS_13rotationUnitsEb
                0x0000000003806d58       0x34 /Applications/VEXcode Pro V5.app/Contents/Resources/sdk/vexv5/libv5rt.a(vex_smartdrive.cpp.obj)
                0x0000000003806d58                vex::smartdrive::turnFor(vex::turnType, double, vex::rotationUnits, bool)
 .text._ZN3vex10smartdrive7turnForEdNS_13rotationUnitsEb
                0x0000000003806d8c       0x10 /Applications/VEXcode Pro V5.app/Contents/Resources/sdk/vexv5/libv5rt.a(vex_smartdrive.cpp.obj)
                0x0000000003806d8c                vex::smartdrive::turnFor(double, vex::rotationUnits, bool)
 .text._ZN3vex10smartdrive7turnForEdNS_13rotationUnitsEdNS_13velocityUnitsEb
                0x0000000003806d9c       0x18 /Applications/VEXcode Pro V5.app/Contents/Resources/sdk/vexv5/libv5rt.a(vex_smartdrive.cpp.obj)
                0x0000000003806d9c                vex::smartdrive::turnFor(double, vex::rotationUnits, double, vex::velocityUnits, bool)
 .text._ZN3vex10smartdrive8isMovingEv
                0x0000000003806db4       0x20 /Applications/VEXcode Pro V5.app/Contents/Resources/sdk/vexv5/libv5rt.a(vex_smartdrive.cpp.obj)
                0x0000000003806db4                vex::smartdrive::isMoving()
 .text.vexAdiPortConfigSet
                0x0000000003806dd4       0x28 /Applications/VEXcode Pro V5.app/Contents/Resources/sdk/vexv5/libv5rt.a(v5_apiuser.c.obj)
                0x0000000003806dd4                vexAdiPortConfigSet
 .text.vexAdiPortConfigGet
                0x0000000003806dfc       0x28 /Applications/VEXcode Pro V5.app/Contents/Resources/sdk/vexv5/libv5rt.a(v5_apiuser.c.obj)
                0x0000000003806dfc                vexAdiPortConfigGet
 .text.vexAdiValueSet
                0x0000000003806e24       0x28 /Applications/VEXcode Pro V5.app/Contents/Resources/sdk/vexv5/libv5rt.a(v5_apiuser.c.obj)
                0x0000000003806e24                vexAdiValueSet
 .text.vexAdiValueGet
                0x0000000003806e4c       0x20 /Applications/VEXcode Pro V5.app/Contents/Resources/sdk/vexv5/libv5rt.a(v5_apiuser.c.obj)
                0x0000000003806e4c                vexAdiValueGet
 .text.vexMotorVelocitySet
                0x0000000003806e6c       0x20 /Applications/VEXcode Pro V5.app/Contents/Resources/sdk/vexv5/libv5rt.a(v5_apiuser.c.obj)
                0x0000000003806e6c                vexMotorVelocitySet
 .text.vexMotorActualVelocityGet
                0x0000000003806e8c       0x24 /Applications/VEXcode Pro V5.app/Contents/Resources/sdk/vexv5/libv5rt.a(v5_apiuser.c.obj)
                0x0000000003806e8c                vexMotorActualVelocityGet
 .text.vexMotorZeroPositionFlagGet
                0x0000000003806eb0       0x18 /Applications/VEXcode Pro V5.app/Contents/Resources/sdk/vexv5/libv5rt.a(v5_apiuser.c.obj)
                0x0000000003806eb0                vexMotorZeroPositionFlagGet
 .text.vexMotorReverseFlagSet
                0x0000000003806ec8       0x20 /Applications/VEXcode Pro V5.app/Contents/Resources/sdk/vexv5/libv5rt.a(v5_apiuser.c.obj)
                0x0000000003806ec8                vexMotorReverseFlagSet
 .text.vexMotorEncoderUnitsSet
                0x0000000003806ee8       0x20 /Applications/VEXcode Pro V5.app/Contents/Resources/sdk/vexv5/libv5rt.a(v5_apiuser.c.obj)
                0x0000000003806ee8                vexMotorEncoderUnitsSet
 .text.vexMotorBrakeModeSet
                0x0000000003806f08       0x20 /Applications/VEXcode Pro V5.app/Contents/Resources/sdk/vexv5/libv5rt.a(v5_apiuser.c.obj)
                0x0000000003806f08                vexMotorBrakeModeSet
 .text.vexMotorPositionSet
                0x0000000003806f28       0x28 /Applications/VEXcode Pro V5.app/Contents/Resources/sdk/vexv5/libv5rt.a(v5_apiuser.c.obj)
                0x0000000003806f28                vexMotorPositionSet
 .text.vexMotorPositionGet
                0x0000000003806f50       0x24 /Applications/VEXcode Pro V5.app/Contents/Resources/sdk/vexv5/libv5rt.a(v5_apiuser.c.obj)
                0x0000000003806f50                vexMotorPositionGet
 .text.vexMotorRelativeTargetSet
                0x0000000003806f74       0x30 /Applications/VEXcode Pro V5.app/Contents/Resources/sdk/vexv5/libv5rt.a(v5_apiuser.c.obj)
                0x0000000003806f74                vexMotorRelativeTargetSet
 .text.vexMotorGearingSet
                0x0000000003806fa4       0x20 /Applications/VEXcode Pro V5.app/Contents/Resources/sdk/vexv5/libv5rt.a(v5_apiuser.c.obj)
                0x0000000003806fa4                vexMotorGearingSet
 .text.vexMotorGearingGet
                0x0000000003806fc4       0x18 /Applications/VEXcode Pro V5.app/Contents/Resources/sdk/vexv5/libv5rt.a(v5_apiuser.c.obj)
                0x0000000003806fc4                vexMotorGearingGet
 .text.vexImuReset
                0x0000000003806fdc       0x10 /Applications/VEXcode Pro V5.app/Contents/Resources/sdk/vexv5/libv5rt.a(v5_apiuser.c.obj)
                0x0000000003806fdc                vexImuReset
 .text.vexImuHeadingGet
                0x0000000003806fec       0x10 /Applications/VEXcode Pro V5.app/Contents/Resources/sdk/vexv5/libv5rt.a(v5_apiuser.c.obj)
                0x0000000003806fec                vexImuHeadingGet
 .text.vexImuDegreesGet
                0x0000000003806ffc       0x10 /Applications/VEXcode Pro V5.app/Contents/Resources/sdk/vexv5/libv5rt.a(v5_apiuser.c.obj)
                0x0000000003806ffc                vexImuDegreesGet
 .text.vexImuStatusGet
                0x000000000380700c       0x10 /Applications/VEXcode Pro V5.app/Contents/Resources/sdk/vexv5/libv5rt.a(v5_apiuser.c.obj)
                0x000000000380700c                vexImuStatusGet
 .text.vexEventMaskSet
                0x000000000380701c       0x28 /Applications/VEXcode Pro V5.app/Contents/Resources/sdk/vexv5/libv5rt.a(v5_apiuser.c.obj)
                0x000000000380701c                vexEventMaskSet
 .text.vexEventMaskGet
                0x0000000003807044       0x18 /Applications/VEXcode Pro V5.app/Contents/Resources/sdk/vexv5/libv5rt.a(v5_apiuser.c.obj)
                0x0000000003807044                vexEventMaskGet
 .text._ZN3vex6deviceD2Ev
                0x000000000380705c        0x4 /Applications/VEXcode Pro V5.app/Contents/Resources/sdk/vexv5/libv5rt.a(vex_device.cpp.obj)
                0x000000000380705c                vex::device::~device()
                0x000000000380705c                vex::device::~device()
 .text._ZN3vex6device5valueEv
                0x0000000003807060        0x8 /Applications/VEXcode Pro V5.app/Contents/Resources/sdk/vexv5/libv5rt.a(vex_device.cpp.obj)
                0x0000000003807060                vex::device::value()
 .text._ZN3vex6deviceD0Ev
                0x0000000003807068       0x14 /Applications/VEXcode Pro V5.app/Contents/Resources/sdk/vexv5/libv5rt.a(vex_device.cpp.obj)
                0x0000000003807068                vex::device::~device()
 .text._ZN3vex6device4initEl
                0x000000000380707c       0x30 /Applications/VEXcode Pro V5.app/Contents/Resources/sdk/vexv5/libv5rt.a(vex_device.cpp.obj)
                0x000000000380707c                vex::device::init(long)
 .text._ZN3vex6deviceC2El
                0x00000000038070ac       0x20 /Applications/VEXcode Pro V5.app/Contents/Resources/sdk/vexv5/libv5rt.a(vex_device.cpp.obj)
                0x00000000038070ac                vex::device::device(long)
                0x00000000038070ac                vex::device::device(long)
 .text._ZN3vex6device4typeEv
                0x00000000038070cc       0x10 /Applications/VEXcode Pro V5.app/Contents/Resources/sdk/vexv5/libv5rt.a(vex_device.cpp.obj)
                0x00000000038070cc                vex::device::type()
 .text._ZN3vex6device9installedEv
                0x00000000038070dc       0x14 /Applications/VEXcode Pro V5.app/Contents/Resources/sdk/vexv5/libv5rt.a(vex_device.cpp.obj)
                0x00000000038070dc                vex::device::installed()
 .text._ZN3vex10drivetrainD2Ev
                0x00000000038070f0       0x28 /Applications/VEXcode Pro V5.app/Contents/Resources/sdk/vexv5/libv5rt.a(vex_drivetrain.cpp.obj)
                0x00000000038070f0                vex::drivetrain::~drivetrain()
                0x00000000038070f0                vex::drivetrain::~drivetrain()
 .text._ZN3vex10drivetrainD0Ev
                0x0000000003807118       0x1c /Applications/VEXcode Pro V5.app/Contents/Resources/sdk/vexv5/libv5rt.a(vex_drivetrain.cpp.obj)
                0x0000000003807118                vex::drivetrain::~drivetrain()
 .text._ZN3vex10drivetrain8isMovingEv
                0x0000000003807134       0x24 /Applications/VEXcode Pro V5.app/Contents/Resources/sdk/vexv5/libv5rt.a(vex_drivetrain.cpp.obj)
                0x0000000003807134                vex::drivetrain::isMoving()
 .text._ZN3vex10drivetrain16setDriveVelocityEdNS_13velocityUnitsE
                0x0000000003807158       0x54 /Applications/VEXcode Pro V5.app/Contents/Resources/sdk/vexv5/libv5rt.a(vex_drivetrain.cpp.obj)
                0x0000000003807158                vex::drivetrain::setDriveVelocity(double, vex::velocityUnits)
 *fill*         0x00000000038071ac        0x4 
 .text._ZN3vex10drivetrain12setGearRatioEd
                0x00000000038071b0       0x54 /Applications/VEXcode Pro V5.app/Contents/Resources/sdk/vexv5/libv5rt.a(vex_drivetrain.cpp.obj)
                0x00000000038071b0                vex::drivetrain::setGearRatio(double)
 .text._ZN3vex10drivetrain10timeoutGetEv
                0x0000000003807204        0x8 /Applications/VEXcode Pro V5.app/Contents/Resources/sdk/vexv5/libv5rt.a(vex_drivetrain.cpp.obj)
                0x0000000003807204                vex::drivetrain::timeoutGet()
 .text._ZN3vex10drivetrain4turnENS_8turnTypeE
                0x000000000380720c       0x50 /Applications/VEXcode Pro V5.app/Contents/Resources/sdk/vexv5/libv5rt.a(vex_drivetrain.cpp.obj)
                0x000000000380720c                vex::drivetrain::turn(vex::turnType)
 .text._ZN3vex10drivetrain15setTurnVelocityEdNS_13velocityUnitsE
                0x000000000380725c       0x28 /Applications/VEXcode Pro V5.app/Contents/Resources/sdk/vexv5/libv5rt.a(vex_drivetrain.cpp.obj)
                0x000000000380725c                vex::drivetrain::setTurnVelocity(double, vex::velocityUnits)
 .text._ZN3vex10drivetrain4turnENS_8turnTypeEdNS_13velocityUnitsE
                0x0000000003807284       0x6c /Applications/VEXcode Pro V5.app/Contents/Resources/sdk/vexv5/libv5rt.a(vex_drivetrain.cpp.obj)
                0x0000000003807284                vex::drivetrain::turn(vex::turnType, double, vex::velocityUnits)
 .text._ZN3vex10drivetrain6isDoneEv
                0x00000000038072f0       0x14 /Applications/VEXcode Pro V5.app/Contents/Resources/sdk/vexv5/libv5rt.a(vex_drivetrain.cpp.obj)
                0x00000000038072f0                vex::drivetrain::isDone()
 .text._ZN3vex10drivetrain4stopEv
                0x0000000003807304       0x24 /Applications/VEXcode Pro V5.app/Contents/Resources/sdk/vexv5/libv5rt.a(vex_drivetrain.cpp.obj)
                0x0000000003807304                vex::drivetrain::stop()
 .text._ZN3vex10drivetrain21_waitForCompletionAllEv
                0x0000000003807328       0x60 /Applications/VEXcode Pro V5.app/Contents/Resources/sdk/vexv5/libv5rt.a(vex_drivetrain.cpp.obj)
                0x0000000003807328                vex::drivetrain::_waitForCompletionAll()
 .text._ZN3vex10drivetrain12distanceToMmEdNS_13distanceUnitsE
                0x0000000003807388       0x38 /Applications/VEXcode Pro V5.app/Contents/Resources/sdk/vexv5/libv5rt.a(vex_drivetrain.cpp.obj)
                0x0000000003807388                vex::drivetrain::distanceToMm(double, vex::distanceUnits)
 .text._ZN3vex10drivetrainC2ERNS_11motor_groupES2_dddNS_13distanceUnitsEd
                0x00000000038073c0       0xe8 /Applications/VEXcode Pro V5.app/Contents/Resources/sdk/vexv5/libv5rt.a(vex_drivetrain.cpp.obj)
                0x00000000038073c0                vex::drivetrain::drivetrain(vex::motor_group&, vex::motor_group&, double, double, double, vex::distanceUnits, double)
                0x00000000038073c0                vex::drivetrain::drivetrain(vex::motor_group&, vex::motor_group&, double, double, double, vex::distanceUnits, double)
 .text._ZN3vex10drivetrain12_angleToRevsEdNS_13rotationUnitsE
                0x00000000038074a8       0x98 /Applications/VEXcode Pro V5.app/Contents/Resources/sdk/vexv5/libv5rt.a(vex_drivetrain.cpp.obj)
                0x00000000038074a8                vex::drivetrain::_angleToRevs(double, vex::rotationUnits)
 .text._ZN3vex10drivetrain7turnForENS_8turnTypeEdNS_13rotationUnitsEb
                0x0000000003807540       0xbc /Applications/VEXcode Pro V5.app/Contents/Resources/sdk/vexv5/libv5rt.a(vex_drivetrain.cpp.obj)
                0x0000000003807540                vex::drivetrain::turnFor(vex::turnType, double, vex::rotationUnits, bool)
 .text._ZN3vex10drivetrain7turnForEdNS_13rotationUnitsEb
                0x00000000038075fc       0x10 /Applications/VEXcode Pro V5.app/Contents/Resources/sdk/vexv5/libv5rt.a(vex_drivetrain.cpp.obj)
                0x00000000038075fc                vex::drivetrain::turnFor(double, vex::rotationUnits, bool)
 .text._ZN3vex10drivetrain7turnForENS_8turnTypeEdNS_13rotationUnitsEdNS_13velocityUnitsEb
                0x000000000380760c       0xd0 /Applications/VEXcode Pro V5.app/Contents/Resources/sdk/vexv5/libv5rt.a(vex_drivetrain.cpp.obj)
                0x000000000380760c                vex::drivetrain::turnFor(vex::turnType, double, vex::rotationUnits, double, vex::velocityUnits, bool)
 .text._ZN3vex10drivetrain7turnForEdNS_13rotationUnitsEdNS_13velocityUnitsEb
                0x00000000038076dc       0x18 /Applications/VEXcode Pro V5.app/Contents/Resources/sdk/vexv5/libv5rt.a(vex_drivetrain.cpp.obj)
                0x00000000038076dc                vex::drivetrain::turnFor(double, vex::rotationUnits, double, vex::velocityUnits, bool)
 .text.__libc_fini_array
                0x00000000038076f4       0x30 /Applications/VEXcode Pro V5.app/Contents/Resources/sdk/vexv5/gcc/libs/libc.a(lib_a-fini.o)
                0x00000000038076f4                __libc_fini_array
 .text.__libc_init_array
                0x0000000003807724       0x58 /Applications/VEXcode Pro V5.app/Contents/Resources/sdk/vexv5/gcc/libs/libc.a(lib_a-init.o)
                0x0000000003807724                __libc_init_array
 .text.memcpy   0x000000000380777c       0xa8 /Applications/VEXcode Pro V5.app/Contents/Resources/sdk/vexv5/gcc/libs/libc.a(lib_a-memcpy.o)
                0x000000000380777c                memcpy
 *fill*         0x0000000003807824        0x4 
 .text.memcpy.__stub
                0x0000000003807828       0x18 linker stubs
 *(.gnu.linkonce.t.*)
 *(.plt)
 *(.gnu_warning)
 *(.gcc_except_table)
 *(.glue_7)
 .glue_7        0x0000000003807840        0x0 linker stubs
 *(.glue_7t)
 .glue_7t       0x0000000003807840        0x0 linker stubs
 *(.vfp11_veneer)
 .vfp11_veneer  0x0000000003807840        0x0 linker stubs
 *(.ARM.extab)
 *(.gnu.linkonce.armextab.*)

.v4_bx          0x0000000003807840        0x0
 .v4_bx         0x0000000003807840        0x0 linker stubs

.iplt           0x0000000003807840        0x0
 .iplt          0x0000000003807840        0x0 build/src/auton-functions.o

.init
 *(.init)

.fini
 *(.fini)

.rodata         0x0000000003807840      0x250
                0x0000000003807840                __rodata_start = .
 *(.rodata)
 *(.rodata.*)
 .rodata.str1.1
                0x0000000003807840        0x7 build/src/bot-functions.o
 .rodata.str1.1
                0x0000000003807847       0x25 build/src/main.o
 .rodata.str1.1
                0x000000000380786c       0x2e /Applications/VEXcode Pro V5.app/Contents/Resources/sdk/vexv5/libv5rt.a(v5_startup.c.obj)
 *fill*         0x000000000380789a        0x2 
 .rodata._ZN3vex6PORT20E
                0x000000000380789c        0x4 /Applications/VEXcode Pro V5.app/Contents/Resources/sdk/vexv5/libv5rt.a(vex_global.cpp.obj)
                0x000000000380789c                vex::PORT20
 .rodata._ZN3vex3secE
                0x00000000038078a0        0x4 /Applications/VEXcode Pro V5.app/Contents/Resources/sdk/vexv5/libv5rt.a(vex_global.cpp.obj)
                0x00000000038078a0                vex::sec
 .rodata._ZN3vex4msecE
                0x00000000038078a4        0x4 /Applications/VEXcode Pro V5.app/Contents/Resources/sdk/vexv5/libv5rt.a(vex_global.cpp.obj)
                0x00000000038078a4                vex::msec
 .rodata._ZN3vex6PORT18E
                0x00000000038078a8        0x4 /Applications/VEXcode Pro V5.app/Contents/Resources/sdk/vexv5/libv5rt.a(vex_global.cpp.obj)
                0x00000000038078a8                vex::PORT18
 .rodata._ZN3vex9ratio36_1E
                0x00000000038078ac        0x4 /Applications/VEXcode Pro V5.app/Contents/Resources/sdk/vexv5/libv5rt.a(vex_global.cpp.obj)
                0x00000000038078ac                vex::ratio36_1
 .rodata._ZN3vex5PORT9E
                0x00000000038078b0        0x4 /Applications/VEXcode Pro V5.app/Contents/Resources/sdk/vexv5/libv5rt.a(vex_global.cpp.obj)
                0x00000000038078b0                vex::PORT9
 .rodata._ZN3vex5PORT2E
                0x00000000038078b4        0x4 /Applications/VEXcode Pro V5.app/Contents/Resources/sdk/vexv5/libv5rt.a(vex_global.cpp.obj)
                0x00000000038078b4                vex::PORT2
 .rodata._ZN3vex5PORT6E
                0x00000000038078b8        0x4 /Applications/VEXcode Pro V5.app/Contents/Resources/sdk/vexv5/libv5rt.a(vex_global.cpp.obj)
                0x00000000038078b8                vex::PORT6
 .rodata._ZN3vex7primaryE
                0x00000000038078bc        0x4 /Applications/VEXcode Pro V5.app/Contents/Resources/sdk/vexv5/libv5rt.a(vex_global.cpp.obj)
                0x00000000038078bc                vex::primary
 .rodata._ZN3vex3degE
                0x00000000038078c0        0x4 /Applications/VEXcode Pro V5.app/Contents/Resources/sdk/vexv5/libv5rt.a(vex_global.cpp.obj)
                0x00000000038078c0                vex::deg
 .rodata._ZN3vex6PORT15E
                0x00000000038078c4        0x4 /Applications/VEXcode Pro V5.app/Contents/Resources/sdk/vexv5/libv5rt.a(vex_global.cpp.obj)
                0x00000000038078c4                vex::PORT15
 .rodata._ZN3vex6PORT22E
                0x00000000038078c8        0x4 /Applications/VEXcode Pro V5.app/Contents/Resources/sdk/vexv5/libv5rt.a(vex_global.cpp.obj)
                0x00000000038078c8                vex::PORT22
 .rodata._ZN3vex7partnerE
                0x00000000038078cc        0x4 /Applications/VEXcode Pro V5.app/Contents/Resources/sdk/vexv5/libv5rt.a(vex_global.cpp.obj)
                0x00000000038078cc                vex::partner
 .rodata._ZN3vex4holdE
                0x00000000038078d0        0x4 /Applications/VEXcode Pro V5.app/Contents/Resources/sdk/vexv5/libv5rt.a(vex_global.cpp.obj)
                0x00000000038078d0                vex::hold
 .rodata._ZN3vex6PORT12E
                0x00000000038078d4        0x4 /Applications/VEXcode Pro V5.app/Contents/Resources/sdk/vexv5/libv5rt.a(vex_global.cpp.obj)
                0x00000000038078d4                vex::PORT12
 .rodata._ZN3vex6PORT16E
                0x00000000038078d8        0x4 /Applications/VEXcode Pro V5.app/Contents/Resources/sdk/vexv5/libv5rt.a(vex_global.cpp.obj)
                0x00000000038078d8                vex::PORT16
 .rodata._ZN3vex5brakeE
                0x00000000038078dc        0x4 /Applications/VEXcode Pro V5.app/Contents/Resources/sdk/vexv5/libv5rt.a(vex_global.cpp.obj)
                0x00000000038078dc                vex::brake
 .rodata._ZN3vex5coastE
                0x00000000038078e0        0x4 /Applications/VEXcode Pro V5.app/Contents/Resources/sdk/vexv5/libv5rt.a(vex_global.cpp.obj)
                0x00000000038078e0                vex::coast
 .rodata._ZN3vex5PORT8E
                0x00000000038078e4        0x4 /Applications/VEXcode Pro V5.app/Contents/Resources/sdk/vexv5/libv5rt.a(vex_global.cpp.obj)
                0x00000000038078e4                vex::PORT8
 .rodata._ZN3vex9ratio18_1E
                0x00000000038078e8        0x4 /Applications/VEXcode Pro V5.app/Contents/Resources/sdk/vexv5/libv5rt.a(vex_global.cpp.obj)
                0x00000000038078e8                vex::ratio18_1
 *fill*         0x00000000038078ec        0x4 
 .rodata._ZTVN3vex5motorE
                0x00000000038078f0       0x18 /Applications/VEXcode Pro V5.app/Contents/Resources/sdk/vexv5/libv5rt.a(vex_motor.cpp.obj)
                0x00000000038078f0                vtable for vex::motor
 .rodata._ZTVN3vex8inertialE
                0x0000000003807908       0x60 /Applications/VEXcode Pro V5.app/Contents/Resources/sdk/vexv5/libv5rt.a(vex_imu.cpp.obj)
                0x0000000003807908                vtable for vex::inertial
 .rodata.str1.1
                0x0000000003807968       0x1f /Applications/VEXcode Pro V5.app/Contents/Resources/sdk/vexv5/libv5rt.a(vex_controller.cpp.obj)
                                         0x20 (size before relaxing)
 .rodata.CSWTCH.16
                0x0000000003807987        0xb /Applications/VEXcode Pro V5.app/Contents/Resources/sdk/vexv5/libv5rt.a(vex_controller.cpp.obj)
 .rodata.CSWTCH.18
                0x0000000003807992        0xb /Applications/VEXcode Pro V5.app/Contents/Resources/sdk/vexv5/libv5rt.a(vex_controller.cpp.obj)
 .rodata.CSWTCH.24
                0x000000000380799d        0x3 /Applications/VEXcode Pro V5.app/Contents/Resources/sdk/vexv5/libv5rt.a(vex_controller.cpp.obj)
 .rodata.str1.1
                0x00000000038079a0       0x14 /Applications/VEXcode Pro V5.app/Contents/Resources/sdk/vexv5/libv5rt.a(vex_task.cpp.obj)
 .rodata.str1.1
                0x00000000038079b4       0x2d /Applications/VEXcode Pro V5.app/Contents/Resources/sdk/vexv5/libv5rt.a(vex_brain.cpp.obj)
 .rodata.CSWTCH.36
                0x00000000038079e1       0x10 /Applications/VEXcode Pro V5.app/Contents/Resources/sdk/vexv5/libv5rt.a(vex_triport.cpp.obj)
 *fill*         0x00000000038079f1        0x7 
 .rodata._ZTVN3vex7triportE
                0x00000000038079f8       0x18 /Applications/VEXcode Pro V5.app/Contents/Resources/sdk/vexv5/libv5rt.a(vex_triport.cpp.obj)
                0x00000000038079f8                vtable for vex::triport
 .rodata.CSWTCH.31
                0x0000000003807a10        0xe /Applications/VEXcode Pro V5.app/Contents/Resources/sdk/vexv5/libv5rt.a(vex_triport.cpp.obj)
 .rodata.str1.1
                0x0000000003807a1e        0xa /Applications/VEXcode Pro V5.app/Contents/Resources/sdk/vexv5/libv5rt.a(vex_smartdrive.cpp.obj)
 .rodata._ZTVN3vex10smartdriveE
                0x0000000003807a28       0x24 /Applications/VEXcode Pro V5.app/Contents/Resources/sdk/vexv5/libv5rt.a(vex_smartdrive.cpp.obj)
                0x0000000003807a28                vtable for vex::smartdrive
 *fill*         0x0000000003807a4c        0x4 
 .rodata._ZTVN3vex6deviceE
                0x0000000003807a50       0x18 /Applications/VEXcode Pro V5.app/Contents/Resources/sdk/vexv5/libv5rt.a(vex_device.cpp.obj)
                0x0000000003807a50                vtable for vex::device
 .rodata._ZTVN3vex10drivetrainE
                0x0000000003807a68       0x24 /Applications/VEXcode Pro V5.app/Contents/Resources/sdk/vexv5/libv5rt.a(vex_drivetrain.cpp.obj)
                0x0000000003807a68                vtable for vex::drivetrain
 .rodata.str1.4
                0x0000000003807a8c        0x4 /Applications/VEXcode Pro V5.app/Contents/Resources/sdk/vexv5/gcc/libs/libc.a(lib_a-impure.o)
                                          0x2 (size before relaxing)
 *(.gnu.linkonce.r.*)
                0x0000000003807a90                __rodata_end = .

.rodata1        0x0000000003807a90        0x0
                0x0000000003807a90                __rodata1_start = .
 *(.rodata1)
 *(.rodata1.*)
                0x0000000003807a90                __rodata1_end = .

.sdata2         0x0000000003807a90        0x0
                0x0000000003807a90                __sdata2_start = .
 *(.sdata2)
 *(.sdata2.*)
 *(.gnu.linkonce.s2.*)
                0x0000000003807a90                __sdata2_end = .

.sbss2          0x0000000003807a90        0x0
                0x0000000003807a90                __sbss2_start = .
 *(.sbss2)
 *(.sbss2.*)
 *(.gnu.linkonce.sb2.*)
                0x0000000003807a90                __sbss2_end = .

.data           0x0000000003807a90      0x4f4
                0x0000000003807a90                __data_start = .
 *(.data)
 *(.data.*)
 .data.rex      0x0000000003807a90        0x4 build/src/bot-functions.o
                0x0000000003807a90                rex
 .data.ClawIsOpen
                0x0000000003807a94        0x1 build/src/bot-functions.o
                0x0000000003807a94                ClawIsOpen
 .data.MenuList
                0x0000000003807a95       0xb4 build/src/main.o
                0x0000000003807a95                MenuList
 *fill*         0x0000000003807b49        0x3 
 .data.appRunning
                0x0000000003807b4c        0x4 /Applications/VEXcode Pro V5.app/Contents/Resources/sdk/vexv5/libv5rt.a(v5_startup.c.obj)
                0x0000000003807b4c                appRunning
 .data.__yoff   0x0000000003807b50        0x4 /Applications/VEXcode Pro V5.app/Contents/Resources/sdk/vexv5/libv5rt.a(v5_apijump.c.obj)
 .data._ZN3vex24__default_motor_velocityE
                0x0000000003807b54        0x4 /Applications/VEXcode Pro V5.app/Contents/Resources/sdk/vexv5/libv5rt.a(vex_motor.cpp.obj)
                0x0000000003807b54                vex::__default_motor_velocity
 .data.impure_data
                0x0000000003807b58      0x428 /Applications/VEXcode Pro V5.app/Contents/Resources/sdk/vexv5/gcc/libs/libc.a(lib_a-impure.o)
 .data._impure_ptr